../Drivers/STM32F3xx_HAL_Driver/Src/stm32f3xx_hal_uart_ex.c:148:19:HAL_RS485Ex_Init	24	static
../Drivers/STM32F3xx_HAL_Driver/Src/stm32f3xx_hal_uart_ex.c:250:13:HAL_UARTEx_WakeupCallback	0	static
../Drivers/STM32F3xx_HAL_Driver/Src/stm32f3xx_hal_uart_ex.c:332:19:HAL_MultiProcessorEx_AddressLength_Set	8	static
../Drivers/STM32F3xx_HAL_Driver/Src/stm32f3xx_hal_uart_ex.c:370:19:HAL_UARTEx_StopModeWakeUpSourceConfig	24	static
../Drivers/STM32F3xx_HAL_Driver/Src/stm32f3xx_hal_uart_ex.c:425:19:HAL_UARTEx_EnableStopMode	0	static,ignoring_inline_asm
../Drivers/STM32F3xx_HAL_Driver/Src/stm32f3xx_hal_uart_ex.c:444:19:HAL_UARTEx_DisableStopMode	0	static,ignoring_inline_asm
../Drivers/STM32F3xx_HAL_Driver/Src/stm32f3xx_hal_uart_ex.c:475:19:HAL_UARTEx_ReceiveToIdle	40	static
../Drivers/STM32F3xx_HAL_Driver/Src/stm32f3xx_hal_uart_ex.c:598:19:HAL_UARTEx_ReceiveToIdle_IT	8	static,ignoring_inline_asm
../Drivers/STM32F3xx_HAL_Driver/Src/stm32f3xx_hal_uart_ex.c:659:19:HAL_UARTEx_ReceiveToIdle_DMA	8	static,ignoring_inline_asm
../Drivers/STM32F3xx_HAL_Driver/Src/stm32f3xx_hal_uart_ex.c:727:29:HAL_UARTEx_GetRxEventType	0	static
