../Drivers/STM32F3xx_HAL_Driver/Src/stm32f3xx_hal_uart.c:3342:13:UART_EndRxTransfer	0	static,ignoring_inline_asm
../Drivers/STM32F3xx_HAL_Driver/Src/stm32f3xx_hal_uart.c:3745:13:UART_TxISR_8BIT	0	static,ignoring_inline_asm
../Drivers/STM32F3xx_HAL_Driver/Src/stm32f3xx_hal_uart.c:3774:13:UART_TxISR_16BIT	0	static,ignoring_inline_asm
../Drivers/STM32F3xx_HAL_Driver/Src/stm32f3xx_hal_uart.c:653:13:HAL_UART_MspInit	0	static
../Drivers/STM32F3xx_HAL_Driver/Src/stm32f3xx_hal_uart.c:668:13:HAL_UART_MspDeInit	0	static
../Drivers/STM32F3xx_HAL_Driver/Src/stm32f3xx_hal_uart.c:606:19:HAL_UART_DeInit	16	static
../Drivers/STM32F3xx_HAL_Driver/Src/stm32f3xx_hal_uart.c:1249:19:HAL_UART_Transmit_IT	0	static,ignoring_inline_asm
../Drivers/STM32F3xx_HAL_Driver/Src/stm32f3xx_hal_uart.c:1336:19:HAL_UART_Transmit_DMA	8	static,ignoring_inline_asm
../Drivers/STM32F3xx_HAL_Driver/Src/stm32f3xx_hal_uart.c:1439:19:HAL_UART_DMAPause	4	static,ignoring_inline_asm
../Drivers/STM32F3xx_HAL_Driver/Src/stm32f3xx_hal_uart.c:1469:19:HAL_UART_DMAResume	0	static,ignoring_inline_asm
../Drivers/STM32F3xx_HAL_Driver/Src/stm32f3xx_hal_uart.c:1500:19:HAL_UART_DMAStop	16	static,ignoring_inline_asm
../Drivers/STM32F3xx_HAL_Driver/Src/stm32f3xx_hal_uart.c:1575:19:HAL_UART_Abort	8	static,ignoring_inline_asm
../Drivers/STM32F3xx_HAL_Driver/Src/stm32f3xx_hal_uart.c:1672:19:HAL_UART_AbortTransmit	8	static,ignoring_inline_asm
../Drivers/STM32F3xx_HAL_Driver/Src/stm32f3xx_hal_uart.c:1725:19:HAL_UART_AbortReceive	8	static,ignoring_inline_asm
../Drivers/STM32F3xx_HAL_Driver/Src/stm32f3xx_hal_uart.c:2420:13:HAL_UART_TxCpltCallback	0	static
../Drivers/STM32F3xx_HAL_Driver/Src/stm32f3xx_hal_uart.c:3368:13:UART_DMATransmitCplt	8	static,ignoring_inline_asm
../Drivers/STM32F3xx_HAL_Driver/Src/stm32f3xx_hal_uart.c:2435:13:HAL_UART_TxHalfCpltCallback	0	static
../Drivers/STM32F3xx_HAL_Driver/Src/stm32f3xx_hal_uart.c:3402:13:UART_DMATxHalfCplt	8	static
../Drivers/STM32F3xx_HAL_Driver/Src/stm32f3xx_hal_uart.c:2450:13:HAL_UART_RxCpltCallback	0	static
../Drivers/STM32F3xx_HAL_Driver/Src/stm32f3xx_hal_uart.c:2465:13:HAL_UART_RxHalfCpltCallback	0	static
../Drivers/STM32F3xx_HAL_Driver/Src/stm32f3xx_hal_uart.c:2480:13:HAL_UART_ErrorCallback	0	static
../Drivers/STM32F3xx_HAL_Driver/Src/stm32f3xx_hal_uart.c:3519:13:UART_DMAError	8	static,ignoring_inline_asm
../Drivers/STM32F3xx_HAL_Driver/Src/stm32f3xx_hal_uart.c:3559:13:UART_DMAAbortOnError	8	static
../Drivers/STM32F3xx_HAL_Driver/Src/stm32f3xx_hal_uart.c:2495:13:HAL_UART_AbortCpltCallback	0	static
../Drivers/STM32F3xx_HAL_Driver/Src/stm32f3xx_hal_uart.c:1793:19:HAL_UART_Abort_IT	16	static,ignoring_inline_asm
../Drivers/STM32F3xx_HAL_Driver/Src/stm32f3xx_hal_uart.c:3632:13:UART_DMARxAbortCallback	8	static
../Drivers/STM32F3xx_HAL_Driver/Src/stm32f3xx_hal_uart.c:3582:13:UART_DMATxAbortCallback	8	static
../Drivers/STM32F3xx_HAL_Driver/Src/stm32f3xx_hal_uart.c:2510:13:HAL_UART_AbortTransmitCpltCallback	0	static
../Drivers/STM32F3xx_HAL_Driver/Src/stm32f3xx_hal_uart.c:1940:19:HAL_UART_AbortTransmit_IT	8	static,ignoring_inline_asm
../Drivers/STM32F3xx_HAL_Driver/Src/stm32f3xx_hal_uart.c:3684:13:UART_DMATxOnlyAbortCallback	8	static
../Drivers/STM32F3xx_HAL_Driver/Src/stm32f3xx_hal_uart.c:2525:13:HAL_UART_AbortReceiveCpltCallback	0	static
../Drivers/STM32F3xx_HAL_Driver/Src/stm32f3xx_hal_uart.c:2025:19:HAL_UART_AbortReceive_IT	8	static,ignoring_inline_asm
../Drivers/STM32F3xx_HAL_Driver/Src/stm32f3xx_hal_uart.c:3712:13:UART_DMARxOnlyAbortCallback	8	static
../Drivers/STM32F3xx_HAL_Driver/Src/stm32f3xx_hal_uart.c:2542:13:HAL_UARTEx_RxEventCallback	0	static
../Drivers/STM32F3xx_HAL_Driver/Src/stm32f3xx_hal_uart.c:2118:6:HAL_UART_IRQHandler	16	static,ignoring_inline_asm
../Drivers/STM32F3xx_HAL_Driver/Src/stm32f3xx_hal_uart.c:3831:13:UART_RxISR_8BIT	8	static,ignoring_inline_asm
../Drivers/STM32F3xx_HAL_Driver/Src/stm32f3xx_hal_uart.c:3919:13:UART_RxISR_16BIT	8	static,ignoring_inline_asm
../Drivers/STM32F3xx_HAL_Driver/Src/stm32f3xx_hal_uart.c:3481:13:UART_DMARxHalfCplt	8	static
../Drivers/STM32F3xx_HAL_Driver/Src/stm32f3xx_hal_uart.c:3420:13:UART_DMAReceiveCplt	8	static,ignoring_inline_asm
../Drivers/STM32F3xx_HAL_Driver/Src/stm32f3xx_hal_uart.c:2590:6:HAL_UART_ReceiverTimeout_Config	0	static
../Drivers/STM32F3xx_HAL_Driver/Src/stm32f3xx_hal_uart.c:2602:19:HAL_UART_EnableReceiverTimeout	0	static
../Drivers/STM32F3xx_HAL_Driver/Src/stm32f3xx_hal_uart.c:2633:19:HAL_UART_DisableReceiverTimeout	0	static
../Drivers/STM32F3xx_HAL_Driver/Src/stm32f3xx_hal_uart.c:2704:6:HAL_MultiProcessor_EnterMuteMode	0	static
../Drivers/STM32F3xx_HAL_Driver/Src/stm32f3xx_hal_uart.c:2714:19:HAL_HalfDuplex_EnableTransmitter	0	static,ignoring_inline_asm
../Drivers/STM32F3xx_HAL_Driver/Src/stm32f3xx_hal_uart.c:2737:19:HAL_HalfDuplex_EnableReceiver	0	static,ignoring_inline_asm
../Drivers/STM32F3xx_HAL_Driver/Src/stm32f3xx_hal_uart.c:2761:19:HAL_LIN_SendBreak	0	static
../Drivers/STM32F3xx_HAL_Driver/Src/stm32f3xx_hal_uart.c:2806:23:HAL_UART_GetState	0	static
../Drivers/STM32F3xx_HAL_Driver/Src/stm32f3xx_hal_uart.c:2822:10:HAL_UART_GetError	0	static
../Drivers/STM32F3xx_HAL_Driver/Src/stm32f3xx_hal_uart.c:2866:19:UART_SetConfig	8	static
../Drivers/STM32F3xx_HAL_Driver/Src/stm32f3xx_hal_uart.c:3010:6:UART_AdvFeatureConfig	0	static
../Drivers/STM32F3xx_HAL_Driver/Src/stm32f3xx_hal_uart.c:3153:19:UART_WaitOnFlagUntilTimeout	32	static
../Drivers/STM32F3xx_HAL_Driver/Src/stm32f3xx_hal_uart.c:1079:19:HAL_UART_Transmit	40	static
../Drivers/STM32F3xx_HAL_Driver/Src/stm32f3xx_hal_uart.c:1165:19:HAL_UART_Receive	48	static
../Drivers/STM32F3xx_HAL_Driver/Src/stm32f3xx_hal_uart.c:3084:19:UART_CheckIdleState	24	static,ignoring_inline_asm
../Drivers/STM32F3xx_HAL_Driver/Src/stm32f3xx_hal_uart.c:289:19:HAL_UART_Init	8	static
../Drivers/STM32F3xx_HAL_Driver/Src/stm32f3xx_hal_uart.c:362:19:HAL_HalfDuplex_Init	8	static
../Drivers/STM32F3xx_HAL_Driver/Src/stm32f3xx_hal_uart.c:435:19:HAL_LIN_Init	16	static
../Drivers/STM32F3xx_HAL_Driver/Src/stm32f3xx_hal_uart.c:532:19:HAL_MultiProcessor_Init	16	static
../Drivers/STM32F3xx_HAL_Driver/Src/stm32f3xx_hal_uart.c:2664:19:HAL_MultiProcessor_EnableMuteMode	8	static,ignoring_inline_asm
../Drivers/STM32F3xx_HAL_Driver/Src/stm32f3xx_hal_uart.c:2684:19:HAL_MultiProcessor_DisableMuteMode	8	static,ignoring_inline_asm
../Drivers/STM32F3xx_HAL_Driver/Src/stm32f3xx_hal_uart.c:3221:19:UART_Start_Receive_IT	0	static,ignoring_inline_asm
../Drivers/STM32F3xx_HAL_Driver/Src/stm32f3xx_hal_uart.c:1298:19:HAL_UART_Receive_IT	16	static,ignoring_inline_asm
../Drivers/STM32F3xx_HAL_Driver/Src/stm32f3xx_hal_uart.c:3270:19:UART_Start_Receive_DMA	8	static,ignoring_inline_asm
../Drivers/STM32F3xx_HAL_Driver/Src/stm32f3xx_hal_uart.c:1406:19:HAL_UART_Receive_DMA	16	static,ignoring_inline_asm
