../Core/Src/ht16k33.c:66:6:_refresh	32	static
../Core/Src/ht16k33.c:78:6:_writeCmd	24	static
../Core/Src/ht16k33.c:83:6:_writePos	32	static
../Core/Src/ht16k33.c:96:6:_writePosPoint	8	static
../Core/Src/ht16k33.c:122:6:seg7_clearCache	0	static
../Core/Src/ht16k33.c:128:6:seg7_refresh	8	static
../Core/Src/ht16k33.c:138:6:seg7_displayOff	8	static
../Core/Src/ht16k33.c:143:6:seg7_setBlinkRate	8	static
../Core/Src/ht16k33.c:151:6:seg7_setBrightness	8	static
../Core/Src/ht16k33.c:132:6:seg7_displayOn	8	static
../Core/Src/ht16k33.c:163:6:seg7_setDigits	0	static
../Core/Src/ht16k33.c:265:6:seg7_display	16	static
../Core/Src/ht16k33.c:177:5:seg7_displayInt	16	static
../Core/Src/ht16k33.c:279:6:seg7_displayPoint	16	static
../Core/Src/ht16k33.c:213:5:seg7_displayIntWithPoint	24	static
../Core/Src/ht16k33.c:286:6:seg7_displayColon	8	static
../Core/Src/ht16k33.c:171:6:seg7_displayClear	16	static
../Core/Src/ht16k33.c:114:6:seg7_reset	8	static
../Core/Src/ht16k33.c:109:6:seg7_init	8	static
../Core/Src/ht16k33.c:249:5:seg7_displayTime	24	static
../Core/Src/ht16k33.c:290:6:seg7_displayRaw	16	static
