../Core/Src/vl53l0x/vl53l0x_api.c:39:15:VL53L0X_GetVersion	0	static
../Core/Src/vl53l0x/vl53l0x_api.c:54:15:VL53L0X_GetPalSpecVersion	0	static
../Core/Src/vl53l0x/vl53l0x_api.c:70:15:VL53L0X_GetProductRevision	24	static
../Core/Src/vl53l0x/vl53l0x_api.c:88:15:VL53L0X_GetDeviceInfo	8	static
../Core/Src/vl53l0x/vl53l0x_api.c:100:15:VL53L0X_GetDeviceErrorStatus	16	static
../Core/Src/vl53l0x/vl53l0x_api.c:118:15:VL53L0X_GetDeviceErrorString	8	static
../Core/Src/vl53l0x/vl53l0x_api.c:131:15:VL53L0X_GetRangeStatusString	8	static
../Core/Src/vl53l0x/vl53l0x_api.c:144:15:VL53L0X_GetPalErrorString	8	static
../Core/Src/vl53l0x/vl53l0x_api.c:156:15:VL53L0X_GetPalStateString	8	static
../Core/Src/vl53l0x/vl53l0x_api.c:168:15:VL53L0X_GetPalState	0	static
../Core/Src/vl53l0x/vl53l0x_api.c:214:15:VL53L0X_GetPowerMode	16	static
../Core/Src/vl53l0x/vl53l0x_api.c:237:15:VL53L0X_SetOffsetCalibrationDataMicroMeter	8	static
../Core/Src/vl53l0x/vl53l0x_api.c:250:15:VL53L0X_GetOffsetCalibrationDataMicroMeter	8	static
../Core/Src/vl53l0x/vl53l0x_api.c:263:15:VL53L0X_SetLinearityCorrectiveGain	8	static
../Core/Src/vl53l0x/vl53l0x_api.c:286:15:VL53L0X_GetLinearityCorrectiveGain	0	static
../Core/Src/vl53l0x/vl53l0x_api.c:298:15:VL53L0X_SetGroupParamHold	0	static
../Core/Src/vl53l0x/vl53l0x_api.c:309:15:VL53L0X_GetUpperLimitMilliMeter	0	static
../Core/Src/vl53l0x/vl53l0x_api.c:321:15:VL53L0X_GetTotalSignalRate	48	static
../Core/Src/vl53l0x/vl53l0x_api.c:341:15:VL53L0X_SetDeviceAddress	8	static
../Core/Src/vl53l0x/vl53l0x_api.c:484:15:VL53L0X_SetTuningSettingBuffer	0	static
../Core/Src/vl53l0x/vl53l0x_api.c:511:15:VL53L0X_GetTuningSettingBuffer	0	static
../Core/Src/vl53l0x/vl53l0x_api.c:705:15:VL53L0X_WaitDeviceBooted	0	static
../Core/Src/vl53l0x/vl53l0x_api.c:716:15:VL53L0X_ResetDevice	24	static
../Core/Src/vl53l0x/vl53l0x_api.c:872:15:VL53L0X_SetDeviceMode	0	static
../Core/Src/vl53l0x/vl53l0x_api.c:896:15:VL53L0X_GetDeviceMode	0	static
../Core/Src/vl53l0x/vl53l0x_api.c:908:15:VL53L0X_SetRangeFractionEnable	16	static
../Core/Src/vl53l0x/vl53l0x_api.c:923:15:VL53L0X_GetFractionEnable	8	static
../Core/Src/vl53l0x/vl53l0x_api.c:937:15:VL53L0X_SetHistogramMode	0	static
../Core/Src/vl53l0x/vl53l0x_api.c:949:15:VL53L0X_GetHistogramMode	0	static
../Core/Src/vl53l0x/vl53l0x_api.c:961:15:VL53L0X_SetMeasurementTimingBudgetMicroSeconds	8	static
../Core/Src/vl53l0x/vl53l0x_api.c:975:15:VL53L0X_GetMeasurementTimingBudgetMicroSeconds	8	static
../Core/Src/vl53l0x/vl53l0x_api.c:988:15:VL53L0X_SetVcselPulsePeriod	8	static
../Core/Src/vl53l0x/vl53l0x_api.c:1001:15:VL53L0X_GetVcselPulsePeriod	8	static
../Core/Src/vl53l0x/vl53l0x_api.c:1014:15:VL53L0X_SetSequenceStepEnable	32	static
../Core/Src/vl53l0x/vl53l0x_api.c:1103:15:sequence_step_enabled	0	static
../Core/Src/vl53l0x/vl53l0x_api.c:1135:15:VL53L0X_GetSequenceStepEnable	24	static
../Core/Src/vl53l0x/vl53l0x_api.c:1154:15:VL53L0X_GetSequenceStepEnables	24	static
../Core/Src/vl53l0x/vl53l0x_api.c:1194:15:VL53L0X_GetNumberOfSequenceSteps	0	static
../Core/Src/vl53l0x/vl53l0x_api.c:1206:15:VL53L0X_GetSequenceStepsInfo	8	static
../Core/Src/vl53l0x/vl53l0x_api.c:1221:15:VL53L0X_SetSequenceStepTimeout	24	static
../Core/Src/vl53l0x/vl53l0x_api.c:1275:15:VL53L0X_GetSequenceStepTimeout	16	static
../Core/Src/vl53l0x/vl53l0x_api.c:1297:15:VL53L0X_SetInterMeasurementPeriodMilliSeconds	24	static
../Core/Src/vl53l0x/vl53l0x_api.c:1333:15:VL53L0X_GetInterMeasurementPeriodMilliSeconds	24	static
../Core/Src/vl53l0x/vl53l0x_api.c:1365:15:VL53L0X_SetXTalkCompensationEnable	8	static
../Core/Src/vl53l0x/vl53l0x_api.c:1403:15:VL53L0X_GetXTalkCompensationEnable	0	static
../Core/Src/vl53l0x/vl53l0x_api.c:1417:15:VL53L0X_SetXTalkCompensationRateMegaCps	16	static
../Core/Src/vl53l0x/vl53l0x_api.c:1455:15:VL53L0X_GetXTalkCompensationRateMegaCps	24	static
../Core/Src/vl53l0x/vl53l0x_api.c:1488:15:VL53L0X_SetRefCalibration	8	static
../Core/Src/vl53l0x/vl53l0x_api.c:1500:15:VL53L0X_GetRefCalibration	8	static
../Core/Src/vl53l0x/vl53l0x_api.c:1516:15:VL53L0X_GetNumberOfLimitCheck	0	static
../Core/Src/vl53l0x/vl53l0x_api.c:1527:15:VL53L0X_GetLimitCheckInfo	8	static
../Core/Src/vl53l0x/vl53l0x_api.c:1541:15:VL53L0X_GetLimitCheckStatus	0	static
../Core/Src/vl53l0x/vl53l0x_api.c:1564:15:VL53L0X_SetLimitCheckEnable	16	static
../Core/Src/vl53l0x/vl53l0x_api.c:1667:15:VL53L0X_GetLimitCheckEnable	0	static
../Core/Src/vl53l0x/vl53l0x_api.c:1688:15:VL53L0X_SetLimitCheckValue	16	static
../Core/Src/vl53l0x/vl53l0x_api.c:1765:15:VL53L0X_GetLimitCheckValue	24	static
../Core/Src/vl53l0x/vl53l0x_api.c:1856:15:VL53L0X_GetLimitCheckCurrent	0	static
../Core/Src/vl53l0x/vl53l0x_api.c:1930:15:VL53L0X_SetWrapAroundCheckEnable	24	static
../Core/Src/vl53l0x/vl53l0x_api.c:757:15:VL53L0X_SetDeviceParameters	32	static
../Core/Src/vl53l0x/vl53l0x_api.c:1962:15:VL53L0X_GetWrapAroundCheckEnable	24	static
../Core/Src/vl53l0x/vl53l0x_api.c:808:15:VL53L0X_GetDeviceParameters	32	static
../Core/Src/vl53l0x/vl53l0x_api.c:353:15:VL53L0X_DataInit	80	static
../Core/Src/vl53l0x/vl53l0x_api.c:1987:15:VL53L0X_SetDmaxCalParameters	8	static
../Core/Src/vl53l0x/vl53l0x_api.c:2021:15:VL53L0X_GetDmaxCalParameters	0	static
../Core/Src/vl53l0x/vl53l0x_api.c:2070:15:VL53L0X_PerformSingleHistogramMeasurement	0	static
../Core/Src/vl53l0x/vl53l0x_api.c:2082:15:VL53L0X_PerformRefCalibration	8	static
../Core/Src/vl53l0x/vl53l0x_api.c:2095:15:VL53L0X_PerformXTalkMeasurement	0	static
../Core/Src/vl53l0x/vl53l0x_api.c:2108:15:VL53L0X_PerformXTalkCalibration	8	static
../Core/Src/vl53l0x/vl53l0x_api.c:2122:15:VL53L0X_PerformOffsetCalibration	8	static
../Core/Src/vl53l0x/vl53l0x_api.c:2311:15:VL53L0X_WaitDeviceReadyForNewMeasurement	0	static
../Core/Src/vl53l0x/vl53l0x_api.c:2324:15:VL53L0X_GetRangingMeasurementData	80	static
../Core/Src/vl53l0x/vl53l0x_api.c:2479:15:VL53L0X_GetMeasurementRefSignal	0	static
../Core/Src/vl53l0x/vl53l0x_api.c:2492:15:VL53L0X_GetHistogramMeasurementData	0	static
../Core/Src/vl53l0x/vl53l0x_api.c:2530:15:VL53L0X_SetNumberOfROIZones	0	static
../Core/Src/vl53l0x/vl53l0x_api.c:2545:15:VL53L0X_GetNumberOfROIZones	0	static
../Core/Src/vl53l0x/vl53l0x_api.c:2558:15:VL53L0X_GetMaxNumberOfROIZones	0	static
../Core/Src/vl53l0x/vl53l0x_api.c:2668:15:VL53L0X_GetGpioConfig	24	static
../Core/Src/vl53l0x/vl53l0x_api.c:2739:15:VL53L0X_SetInterruptThresholds	16	static
../Core/Src/vl53l0x/vl53l0x_api.c:2763:15:VL53L0X_GetInterruptThresholds	24	static
../Core/Src/vl53l0x/vl53l0x_api.c:2135:15:VL53L0X_CheckAndLoadInterruptSettings	24	static
../Core/Src/vl53l0x/vl53l0x_api.c:2181:15:VL53L0X_StartMeasurement	24	static
../Core/Src/vl53l0x/vl53l0x_api.c:2039:15:VL53L0X_PerformSingleMeasurement	16	static
../Core/Src/vl53l0x/vl53l0x_api.c:2256:15:VL53L0X_StopMeasurement	8	static
../Core/Src/vl53l0x/vl53l0x_api.c:2789:15:VL53L0X_GetStopCompletedStatus	24	static
../Core/Src/vl53l0x/vl53l0x_api.c:2811:15:VL53L0X_ClearInterruptMask	40	static
../Core/Src/vl53l0x/vl53l0x_api.c:2502:15:VL53L0X_PerformSingleRangingMeasurement	16	static
../Core/Src/vl53l0x/vl53l0x_api.c:2573:15:VL53L0X_SetGpioConfig	16	static
../Core/Src/vl53l0x/vl53l0x_api.c:526:15:VL53L0X_StaticInit	104	static
../Core/Src/vl53l0x/vl53l0x_api.c:179:15:VL53L0X_SetPowerMode	8	static
../Core/Src/vl53l0x/vl53l0x_api.c:2840:15:VL53L0X_GetInterruptMaskStatus	16	static
../Core/Src/vl53l0x/vl53l0x_api.c:2276:15:VL53L0X_GetMeasurementDataReady	16	static
../Core/Src/vl53l0x/vl53l0x_api.c:2857:15:VL53L0X_EnableInterruptMask	0	static
../Core/Src/vl53l0x/vl53l0x_api.c:2872:15:VL53L0X_SetSpadAmbientDamperThreshold	16	static
../Core/Src/vl53l0x/vl53l0x_api.c:2886:15:VL53L0X_GetSpadAmbientDamperThreshold	16	static
../Core/Src/vl53l0x/vl53l0x_api.c:2900:15:VL53L0X_SetSpadAmbientDamperFactor	16	static
../Core/Src/vl53l0x/vl53l0x_api.c:2917:15:VL53L0X_GetSpadAmbientDamperFactor	24	static
../Core/Src/vl53l0x/vl53l0x_api.c:2939:15:VL53L0X_SetReferenceSpads	8	static
../Core/Src/vl53l0x/vl53l0x_api.c:2952:15:VL53L0X_GetReferenceSpads	8	static
../Core/Src/vl53l0x/vl53l0x_api.c:2965:15:VL53L0X_PerformRefSpadManagement	8	static
