../Core/Src/vl53l0x/vl53l0x_api_core.c:30:15:VL53L0X_reverse_bytes	8	static
../Core/Src/vl53l0x/vl53l0x_api_core.c:47:15:VL53L0X_measurement_poll_for_completion	24	static
../Core/Src/vl53l0x/vl53l0x_api_core.c:80:9:VL53L0X_decode_vcsel_period	0	static
../Core/Src/vl53l0x/vl53l0x_api_core.c:94:9:VL53L0X_encode_vcsel_period	0	static
../Core/Src/vl53l0x/vl53l0x_api_core.c:109:10:VL53L0X_isqrt	0	static
../Core/Src/vl53l0x/vl53l0x_api_core.c:141:10:VL53L0X_quadrature_sum	8	static
../Core/Src/vl53l0x/vl53l0x_api_core.c:164:15:VL53L0X_device_read_strobe	32	static
../Core/Src/vl53l0x/vl53l0x_api_core.c:197:15:VL53L0X_get_info_from_device	104	static
../Core/Src/vl53l0x/vl53l0x_api_core.c:464:10:VL53L0X_calc_macro_period_ps	0	static
../Core/Src/vl53l0x/vl53l0x_api_core.c:485:10:VL53L0X_encode_timeout	0	static
../Core/Src/vl53l0x/vl53l0x_api_core.c:511:10:VL53L0X_decode_timeout	0	static
../Core/Src/vl53l0x/vl53l0x_api_core.c:527:10:VL53L0X_calc_timeout_mclks	0	static
../Core/Src/vl53l0x/vl53l0x_api_core.c:549:10:VL53L0X_calc_timeout_us	0	static
../Core/Src/vl53l0x/vl53l0x_api_core.c:568:15:get_sequence_step_timeout	40	static
../Core/Src/vl53l0x/vl53l0x_api_core.c:677:15:set_sequence_step_timeout	40	static
../Core/Src/vl53l0x/vl53l0x_api_core.c:821:15:VL53L0X_set_vcsel_pulse_period	32	static
../Core/Src/vl53l0x/vl53l0x_api_core.c:1070:15:VL53L0X_get_vcsel_pulse_period	16	static
../Core/Src/vl53l0x/vl53l0x_api_core.c:1100:15:VL53L0X_set_measurement_timing_budget_micro_seconds	40	static
../Core/Src/vl53l0x/vl53l0x_api_core.c:1250:15:VL53L0X_get_measurement_timing_budget_micro_seconds	40	static
../Core/Src/vl53l0x/vl53l0x_api_core.c:1341:15:VL53L0X_load_tuning_settings	40	static
../Core/Src/vl53l0x/vl53l0x_api_core.c:1427:15:VL53L0X_get_total_xtalk_rate	24	static
../Core/Src/vl53l0x/vl53l0x_api_core.c:1463:15:VL53L0X_get_total_signal_rate	16	static
../Core/Src/vl53l0x/vl53l0x_api_core.c:1484:15:VL53L0X_calc_dmax	24	static
../Core/Src/vl53l0x/vl53l0x_api_core.c:1676:15:VL53L0X_calc_sigma_estimate	96	static
../Core/Src/vl53l0x/vl53l0x_api_core.c:2014:15:VL53L0X_get_pal_range_status	72	static
