../Core/Src/vl53l0x/vl53l0x_api_calibration.c:37:15:VL53L0X_perform_xtalk_calibration	72	static
../Core/Src/vl53l0x/vl53l0x_api_calibration.c:176:15:VL53L0X_perform_offset_calibration	64	static
../Core/Src/vl53l0x/vl53l0x_api_calibration.c:275:15:VL53L0X_set_offset_calibration_data_micro_meter	8	static
../Core/Src/vl53l0x/vl53l0x_api_calibration.c:312:15:VL53L0X_get_offset_calibration_data_micro_meter	16	static
../Core/Src/vl53l0x/vl53l0x_api_calibration.c:344:15:VL53L0X_apply_offset_adjustment	24	static
../Core/Src/vl53l0x/vl53l0x_api_calibration.c:384:6:get_next_good_spad	12	static
../Core/Src/vl53l0x/vl53l0x_api_calibration.c:433:9:is_aperture	0	static
../Core/Src/vl53l0x/vl53l0x_api_calibration.c:449:15:enable_spad_bit	0	static
../Core/Src/vl53l0x/vl53l0x_api_calibration.c:467:15:count_enabled_spads	48	static
../Core/Src/vl53l0x/vl53l0x_api_calibration.c:525:15:set_ref_spad_map	8	static
../Core/Src/vl53l0x/vl53l0x_api_calibration.c:533:15:get_ref_spad_map	8	static
../Core/Src/vl53l0x/vl53l0x_api_calibration.c:542:15:enable_ref_spads	64	static
../Core/Src/vl53l0x/vl53l0x_api_calibration.c:615:15:perform_ref_signal_measurement	48	static
../Core/Src/vl53l0x/vl53l0x_api_calibration.c:926:15:VL53L0X_set_reference_spads	56	static
../Core/Src/vl53l0x/vl53l0x_api_calibration.c:993:15:VL53L0X_get_reference_spads	40	static
../Core/Src/vl53l0x/vl53l0x_api_calibration.c:1048:15:VL53L0X_perform_single_ref_calibration	8	static
../Core/Src/vl53l0x/vl53l0x_api_calibration.c:1071:15:VL53L0X_ref_calibration_io	48	static
../Core/Src/vl53l0x/vl53l0x_api_calibration.c:1106:15:VL53L0X_perform_vhv_calibration	48	static
../Core/Src/vl53l0x/vl53l0x_api_calibration.c:1151:15:VL53L0X_perform_phase_calibration	48	static
../Core/Src/vl53l0x/vl53l0x_api_calibration.c:1196:15:VL53L0X_perform_ref_calibration	24	static
../Core/Src/vl53l0x/vl53l0x_api_calibration.c:662:15:VL53L0X_perform_ref_spad_management	120	static
../Core/Src/vl53l0x/vl53l0x_api_calibration.c:1231:15:VL53L0X_set_ref_calibration	32	static
../Core/Src/vl53l0x/vl53l0x_api_calibration.c:1246:15:VL53L0X_get_ref_calibration	24	static
