../Core/Src/vl53l0x/vl53l0x_tof.c:39:5:_I2CWrite	16	static
../Core/Src/vl53l0x/vl53l0x_tof.c:48:5:_I2CRead	16	static
../Core/Src/vl53l0x/vl53l0x_tof.c:57:15:VL53L0X_RdByte	24	static
../Core/Src/vl53l0x/vl53l0x_tof.c:81:15:VL53L0X_WriteMulti	16	static
../Core/Src/vl53l0x/vl53l0x_tof.c:102:15:VL53L0X_ReadMulti	24	static
../Core/Src/vl53l0x/vl53l0x_tof.c:123:15:VL53L0X_RdWord	24	static
../Core/Src/vl53l0x/vl53l0x_tof.c:146:15:VL53L0X_RdDWord	24	static
../Core/Src/vl53l0x/vl53l0x_tof.c:170:15:VL53L0X_WrByte	8	static
../Core/Src/vl53l0x/vl53l0x_tof.c:186:15:VL53L0X_WrWord	8	static
../Core/Src/vl53l0x/vl53l0x_tof.c:203:15:VL53L0X_UpdateByte	32	static
../Core/Src/vl53l0x/vl53l0x_tof.c:219:15:VL53L0X_WrDWord	8	static
../Core/Src/vl53l0x/vl53l0x_tof.c:236:15:VL53L0X_PollingDelay	8	static
../Core/Src/vl53l0x/vl53l0x_tof.c:247:6:SetupSingleShot	24	static
