Archive member included to satisfy reference by file (symbol)

C:/ST/STM32CubeIDE_1.13.2/STM32CubeIDE/plugins/com.st.stm32cube.ide.mcu.externaltools.gnu-tools-for-stm32.11.3.rel1.win32_1.1.1.202309131626/tools/bin/../lib/gcc/arm-none-eabi/11.3.1/../../../../arm-none-eabi/lib/thumb/v7e-m+fp/hard\libc_nano.a(libc_a-exit.o)
                              C:/ST/STM32CubeIDE_1.13.2/STM32CubeIDE/plugins/com.st.stm32cube.ide.mcu.externaltools.gnu-tools-for-stm32.11.3.rel1.win32_1.1.1.202309131626/tools/bin/../lib/gcc/arm-none-eabi/11.3.1/../../../../arm-none-eabi/lib/thumb/v7e-m+fp/hard/crt0.o (exit)
C:/ST/STM32CubeIDE_1.13.2/STM32CubeIDE/plugins/com.st.stm32cube.ide.mcu.externaltools.gnu-tools-for-stm32.11.3.rel1.win32_1.1.1.202309131626/tools/bin/../lib/gcc/arm-none-eabi/11.3.1/../../../../arm-none-eabi/lib/thumb/v7e-m+fp/hard\libc_nano.a(libc_a-findfp.o)
                              C:/ST/STM32CubeIDE_1.13.2/STM32CubeIDE/plugins/com.st.stm32cube.ide.mcu.externaltools.gnu-tools-for-stm32.11.3.rel1.win32_1.1.1.202309131626/tools/bin/../lib/gcc/arm-none-eabi/11.3.1/../../../../arm-none-eabi/lib/thumb/v7e-m+fp/hard\libc_nano.a(libc_a-exit.o) (__stdio_exit_handler)
C:/ST/STM32CubeIDE_1.13.2/STM32CubeIDE/plugins/com.st.stm32cube.ide.mcu.externaltools.gnu-tools-for-stm32.11.3.rel1.win32_1.1.1.202309131626/tools/bin/../lib/gcc/arm-none-eabi/11.3.1/../../../../arm-none-eabi/lib/thumb/v7e-m+fp/hard\libc_nano.a(libc_a-fwalk.o)
                              C:/ST/STM32CubeIDE_1.13.2/STM32CubeIDE/plugins/com.st.stm32cube.ide.mcu.externaltools.gnu-tools-for-stm32.11.3.rel1.win32_1.1.1.202309131626/tools/bin/../lib/gcc/arm-none-eabi/11.3.1/../../../../arm-none-eabi/lib/thumb/v7e-m+fp/hard\libc_nano.a(libc_a-findfp.o) (_fwalk_sglue)
C:/ST/STM32CubeIDE_1.13.2/STM32CubeIDE/plugins/com.st.stm32cube.ide.mcu.externaltools.gnu-tools-for-stm32.11.3.rel1.win32_1.1.1.202309131626/tools/bin/../lib/gcc/arm-none-eabi/11.3.1/../../../../arm-none-eabi/lib/thumb/v7e-m+fp/hard\libc_nano.a(libc_a-puts.o)
                              ./Core/Src/BalanceTube.o (puts)
C:/ST/STM32CubeIDE_1.13.2/STM32CubeIDE/plugins/com.st.stm32cube.ide.mcu.externaltools.gnu-tools-for-stm32.11.3.rel1.win32_1.1.1.202309131626/tools/bin/../lib/gcc/arm-none-eabi/11.3.1/../../../../arm-none-eabi/lib/thumb/v7e-m+fp/hard\libc_nano.a(libc_a-stdio.o)
                              C:/ST/STM32CubeIDE_1.13.2/STM32CubeIDE/plugins/com.st.stm32cube.ide.mcu.externaltools.gnu-tools-for-stm32.11.3.rel1.win32_1.1.1.202309131626/tools/bin/../lib/gcc/arm-none-eabi/11.3.1/../../../../arm-none-eabi/lib/thumb/v7e-m+fp/hard\libc_nano.a(libc_a-findfp.o) (__sread)
C:/ST/STM32CubeIDE_1.13.2/STM32CubeIDE/plugins/com.st.stm32cube.ide.mcu.externaltools.gnu-tools-for-stm32.11.3.rel1.win32_1.1.1.202309131626/tools/bin/../lib/gcc/arm-none-eabi/11.3.1/../../../../arm-none-eabi/lib/thumb/v7e-m+fp/hard\libc_nano.a(libc_a-wbuf.o)
                              C:/ST/STM32CubeIDE_1.13.2/STM32CubeIDE/plugins/com.st.stm32cube.ide.mcu.externaltools.gnu-tools-for-stm32.11.3.rel1.win32_1.1.1.202309131626/tools/bin/../lib/gcc/arm-none-eabi/11.3.1/../../../../arm-none-eabi/lib/thumb/v7e-m+fp/hard\libc_nano.a(libc_a-puts.o) (__swbuf_r)
C:/ST/STM32CubeIDE_1.13.2/STM32CubeIDE/plugins/com.st.stm32cube.ide.mcu.externaltools.gnu-tools-for-stm32.11.3.rel1.win32_1.1.1.202309131626/tools/bin/../lib/gcc/arm-none-eabi/11.3.1/../../../../arm-none-eabi/lib/thumb/v7e-m+fp/hard\libc_nano.a(libc_a-wsetup.o)
                              C:/ST/STM32CubeIDE_1.13.2/STM32CubeIDE/plugins/com.st.stm32cube.ide.mcu.externaltools.gnu-tools-for-stm32.11.3.rel1.win32_1.1.1.202309131626/tools/bin/../lib/gcc/arm-none-eabi/11.3.1/../../../../arm-none-eabi/lib/thumb/v7e-m+fp/hard\libc_nano.a(libc_a-puts.o) (__swsetup_r)
C:/ST/STM32CubeIDE_1.13.2/STM32CubeIDE/plugins/com.st.stm32cube.ide.mcu.externaltools.gnu-tools-for-stm32.11.3.rel1.win32_1.1.1.202309131626/tools/bin/../lib/gcc/arm-none-eabi/11.3.1/../../../../arm-none-eabi/lib/thumb/v7e-m+fp/hard\libc_nano.a(libc_a-memset.o)
                              C:/ST/STM32CubeIDE_1.13.2/STM32CubeIDE/plugins/com.st.stm32cube.ide.mcu.externaltools.gnu-tools-for-stm32.11.3.rel1.win32_1.1.1.202309131626/tools/bin/../lib/gcc/arm-none-eabi/11.3.1/../../../../arm-none-eabi/lib/thumb/v7e-m+fp/hard/crt0.o (memset)
C:/ST/STM32CubeIDE_1.13.2/STM32CubeIDE/plugins/com.st.stm32cube.ide.mcu.externaltools.gnu-tools-for-stm32.11.3.rel1.win32_1.1.1.202309131626/tools/bin/../lib/gcc/arm-none-eabi/11.3.1/../../../../arm-none-eabi/lib/thumb/v7e-m+fp/hard\libc_nano.a(libc_a-closer.o)
                              C:/ST/STM32CubeIDE_1.13.2/STM32CubeIDE/plugins/com.st.stm32cube.ide.mcu.externaltools.gnu-tools-for-stm32.11.3.rel1.win32_1.1.1.202309131626/tools/bin/../lib/gcc/arm-none-eabi/11.3.1/../../../../arm-none-eabi/lib/thumb/v7e-m+fp/hard\libc_nano.a(libc_a-stdio.o) (_close_r)
[...]
Memory Configuration

Name             Origin             Length             Attributes
CCMRAM           0x0000000010000000 0x0000000000001000 xrw
RAM              0x0000000020000000 0x0000000000003000 xrw
FLASH            0x0000000008000000 0x0000000000010000 xr
*default*        0x0000000000000000 0xffffffffffffffff

Linker script and memory map

LOAD C:/ST/STM32CubeIDE_1.13.2/STM32CubeIDE/plugins/com.st.stm32cube.ide.mcu.externaltools.gnu-tools-for-stm32.11.3.rel1.win32_1.1.1.202309131626/tools/bin/../lib/gcc/arm-none-eabi/11.3.1/thumb/v7e-m+fp/hard/crti.o
LOAD C:/ST/STM32CubeIDE_1.13.2/STM32CubeIDE/plugins/com.st.stm32cube.ide.mcu.externaltools.gnu-tools-for-stm32.11.3.rel1.win32_1.1.1.202309131626/tools/bin/../lib/gcc/arm-none-eabi/11.3.1/thumb/v7e-m+fp/hard/crtbegin.o
LOAD C:/ST/STM32CubeIDE_1.13.2/STM32CubeIDE/plugins/com.st.stm32cube.ide.mcu.externaltools.gnu-tools-for-stm32.11.3.rel1.win32_1.1.1.202309131626/tools/bin/../lib/gcc/arm-none-eabi/11.3.1/../../../../arm-none-eabi/lib/thumb/v7e-m+fp/hard/crt0.o
LOAD ./Core/Src/BalanceTube.o
LOAD ./Core/Src/ht16k33.o
LOAD ./Core/Src/main.o
LOAD ./Core/Src/stm32f3xx_hal_msp.o
LOAD ./Core/Src/stm32f3xx_it.o
LOAD ./Core/Src/syscalls.o
LOAD ./Core/Src/sysmem.o
LOAD ./Core/Src/system_stm32f3xx.o
LOAD ./Core/Src/vl53l0x/vl53l0x_api.o
LOAD ./Core/Src/vl53l0x/vl53l0x_api_calibration.o
LOAD ./Core/Src/vl53l0x/vl53l0x_api_core.o
LOAD ./Core/Src/vl53l0x/vl53l0x_api_ranging.o
LOAD ./Core/Src/vl53l0x/vl53l0x_api_strings.o
LOAD ./Core/Src/vl53l0x/vl53l0x_platform_log.o
LOAD ./Core/Src/vl53l0x/vl53l0x_tof.o
LOAD ./Core/Startup/startup_stm32f334r8tx.o
LOAD ./Drivers/STM32F3xx_HAL_Driver/Src/stm32f3xx_hal.o
LOAD ./Drivers/STM32F3xx_HAL_Driver/Src/stm32f3xx_hal_adc.o
LOAD ./Drivers/STM32F3xx_HAL_Driver/Src/stm32f3xx_hal_adc_ex.o
LOAD ./Drivers/STM32F3xx_HAL_Driver/Src/stm32f3xx_hal_cortex.o
LOAD ./Drivers/STM32F3xx_HAL_Driver/Src/stm32f3xx_hal_dma.o
LOAD ./Drivers/STM32F3xx_HAL_Driver/Src/stm32f3xx_hal_exti.o
LOAD ./Drivers/STM32F3xx_HAL_Driver/Src/stm32f3xx_hal_flash.o
LOAD ./Drivers/STM32F3xx_HAL_Driver/Src/stm32f3xx_hal_flash_ex.o
LOAD ./Drivers/STM32F3xx_HAL_Driver/Src/stm32f3xx_hal_gpio.o
LOAD ./Drivers/STM32F3xx_HAL_Driver/Src/stm32f3xx_hal_i2c.o
LOAD ./Drivers/STM32F3xx_HAL_Driver/Src/stm32f3xx_hal_i2c_ex.o
LOAD ./Drivers/STM32F3xx_HAL_Driver/Src/stm32f3xx_hal_pwr.o
LOAD ./Drivers/STM32F3xx_HAL_Driver/Src/stm32f3xx_hal_pwr_ex.o
LOAD ./Drivers/STM32F3xx_HAL_Driver/Src/stm32f3xx_hal_rcc.o
LOAD ./Drivers/STM32F3xx_HAL_Driver/Src/stm32f3xx_hal_rcc_ex.o
LOAD ./Drivers/STM32F3xx_HAL_Driver/Src/stm32f3xx_hal_tim.o
LOAD ./Drivers/STM32F3xx_HAL_Driver/Src/stm32f3xx_hal_tim_ex.o
LOAD ./Drivers/STM32F3xx_HAL_Driver/Src/stm32f3xx_hal_uart.o
LOAD ./Drivers/STM32F3xx_HAL_Driver/Src/stm32f3xx_hal_uart_ex.o
LOAD ./src-gen/src/BalanceTube_STMicro_Automatic.o
LOAD ./src-gen/src/SystemLib_CounterTimer_StopWatch_Automatic.o
LOAD ./src-gen/src/SystemLib_CounterTimer_Timer_Automatic.o
LOAD ./src-gen/src/SystemLib_Miscellaneous_DeltaTimeService_Automatic.o
LOAD ./src-gen/src/SystemLib_Miscellaneous_EdgeRising_Impl.o
LOAD ./src-gen/src/Task_5ms.o
LOAD ./src-gen/src/model_GameController_Automatic.o
LOAD ./src-gen/src/model_LedController_stm32f334r8.o
LOAD ./src-gen/src/model_MainClass_stm32f334r8.o
LOAD ./src-gen/src/model_ServoController_Automatic.o
LOAD ./src-gen/src/model_Signals_stm32f334r8.o
START GROUP
LOAD C:/ST/STM32CubeIDE_1.13.2/STM32CubeIDE/plugins/com.st.stm32cube.ide.mcu.externaltools.gnu-tools-for-stm32.11.3.rel1.win32_1.1.1.202309131626/tools/bin/../lib/gcc/arm-none-eabi/11.3.1/../../../../arm-none-eabi/lib/thumb/v7e-m+fp/hard\libc_nano.a
LOAD C:/ST/STM32CubeIDE_1.13.2/STM32CubeIDE/plugins/com.st.stm32cube.ide.mcu.externaltools.gnu-tools-for-stm32.11.3.rel1.win32_1.1.1.202309131626/tools/bin/../lib/gcc/arm-none-eabi/11.3.1/../../../../arm-none-eabi/lib/thumb/v7e-m+fp/hard\libm.a
END GROUP
START GROUP
LOAD C:/ST/STM32CubeIDE_1.13.2/STM32CubeIDE/plugins/com.st.stm32cube.ide.mcu.externaltools.gnu-tools-for-stm32.11.3.rel1.win32_1.1.1.202309131626/tools/bin/../lib/gcc/arm-none-eabi/11.3.1/thumb/v7e-m+fp/hard\libgcc.a
LOAD C:/ST/STM32CubeIDE_1.13.2/STM32CubeIDE/plugins/com.st.stm32cube.ide.mcu.externaltools.gnu-tools-for-stm32.11.3.rel1.win32_1.1.1.202309131626/tools/bin/../lib/gcc/arm-none-eabi/11.3.1/../../../../arm-none-eabi/lib/thumb/v7e-m+fp/hard\libc_nano.a
END GROUP
START GROUP
LOAD C:/ST/STM32CubeIDE_1.13.2/STM32CubeIDE/plugins/com.st.stm32cube.ide.mcu.externaltools.gnu-tools-for-stm32.11.3.rel1.win32_1.1.1.202309131626/tools/bin/../lib/gcc/arm-none-eabi/11.3.1/thumb/v7e-m+fp/hard\libgcc.a
LOAD C:/ST/STM32CubeIDE_1.13.2/STM32CubeIDE/plugins/com.st.stm32cube.ide.mcu.externaltools.gnu-tools-for-stm32.11.3.rel1.win32_1.1.1.202309131626/tools/bin/../lib/gcc/arm-none-eabi/11.3.1/../../../../arm-none-eabi/lib/thumb/v7e-m+fp/hard\libc_nano.a
LOAD C:/ST/STM32CubeIDE_1.13.2/STM32CubeIDE/plugins/com.st.stm32cube.ide.mcu.externaltools.gnu-tools-for-stm32.11.3.rel1.win32_1.1.1.202309131626/tools/bin/../lib/gcc/arm-none-eabi/11.3.1/../../../../arm-none-eabi/lib/thumb/v7e-m+fp/hard\libnosys.a
END GROUP
START GROUP
LOAD C:/ST/STM32CubeIDE_1.13.2/STM32CubeIDE/plugins/com.st.stm32cube.ide.mcu.externaltools.gnu-tools-for-stm32.11.3.rel1.win32_1.1.1.202309131626/tools/bin/../lib/gcc/arm-none-eabi/11.3.1/thumb/v7e-m+fp/hard\libgcc.a
LOAD C:/ST/STM32CubeIDE_1.13.2/STM32CubeIDE/plugins/com.st.stm32cube.ide.mcu.externaltools.gnu-tools-for-stm32.11.3.rel1.win32_1.1.1.202309131626/tools/bin/../lib/gcc/arm-none-eabi/11.3.1/../../../../arm-none-eabi/lib/thumb/v7e-m+fp/hard\libc_nano.a
LOAD C:/ST/STM32CubeIDE_1.13.2/STM32CubeIDE/plugins/com.st.stm32cube.ide.mcu.externaltools.gnu-tools-for-stm32.11.3.rel1.win32_1.1.1.202309131626/tools/bin/../lib/gcc/arm-none-eabi/11.3.1/../../../../arm-none-eabi/lib/thumb/v7e-m+fp/hard\libnosys.a
END GROUP
LOAD C:/ST/STM32CubeIDE_1.13.2/STM32CubeIDE/plugins/com.st.stm32cube.ide.mcu.externaltools.gnu-tools-for-stm32.11.3.rel1.win32_1.1.1.202309131626/tools/bin/../lib/gcc/arm-none-eabi/11.3.1/thumb/v7e-m+fp/hard/crtend.o
LOAD C:/ST/STM32CubeIDE_1.13.2/STM32CubeIDE/plugins/com.st.stm32cube.ide.mcu.externaltools.gnu-tools-for-stm32.11.3.rel1.win32_1.1.1.202309131626/tools/bin/../lib/gcc/arm-none-eabi/11.3.1/thumb/v7e-m+fp/hard/crtn.o
                0x0000000020003000                _estack = (ORIGIN (RAM) + LENGTH (RAM))
                0x0000000000000200                _Min_Heap_Size = 0x200
                0x0000000000000400                _Min_Stack_Size = 0x400

.isr_vector     0x0000000008000000      0x188
                0x0000000008000000                . = ALIGN (0x4)
 *(.isr_vector)
 .isr_vector    0x0000000008000000      0x188 ./Core/Startup/startup_stm32f334r8tx.o
                0x0000000008000000                g_pfnVectors
                0x0000000008000188                . = ALIGN (0x4)

.text           0x0000000008000188     0x8b18
                0x0000000008000188                . = ALIGN (0x4)
 *(.text)
 .text          0x0000000008000188       0x40 C:/ST/STM32CubeIDE_1.13.2/STM32CubeIDE/plugins/com.st.stm32cube.ide.mcu.externaltools.gnu-tools-for-stm32.11.3.rel1.win32_1.1.1.202309131626/tools/bin/../lib/gcc/arm-none-eabi/11.3.1/thumb/v7e-m+fp/hard/crtbegin.o
 .text          0x00000000080001c8      0x378 C:/ST/STM32CubeIDE_1.13.2/STM32CubeIDE/plugins/com.st.stm32cube.ide.mcu.externaltools.gnu-tools-for-stm32.11.3.rel1.win32_1.1.1.202309131626/tools/bin/../lib/gcc/arm-none-eabi/11.3.1/thumb/v7e-m+fp/hard\libgcc.a(_arm_addsubdf3.o)
                0x00000000080001c8                __aeabi_drsub
                0x00000000080001d0                __aeabi_dsub
                0x00000000080001d0                __subdf3
                0x00000000080001d4                __aeabi_dadd
                0x00000000080001d4                __adddf3
                0x000000000800044c                __floatunsidf
                0x000000000800044c                __aeabi_ui2d
                0x000000000800046c                __floatsidf
                0x000000000800046c                __aeabi_i2d
                0x0000000008000490                __aeabi_f2d
                0x0000000008000490                __extendsfdf2
                0x00000000080004d4                __floatundidf
                0x00000000080004d4                __aeabi_ul2d
                0x00000000080004e4                __floatdidf
                0x00000000080004e4                __aeabi_l2d
 .text          0x0000000008000540      0x424 C:/ST/STM32CubeIDE_1.13.2/STM32CubeIDE/plugins/com.st.stm32cube.ide.mcu.externaltools.gnu-tools-for-stm32.11.3.rel1.win32_1.1.1.202309131626/tools/bin/../lib/gcc/arm-none-eabi/11.3.1/thumb/v7e-m+fp/hard\libgcc.a(_arm_muldivdf3.o)
                0x0000000008000540                __aeabi_dmul
                0x0000000008000540                __muldf3
                0x0000000008000794                __divdf3
                0x0000000008000794                __aeabi_ddiv
 .text          0x0000000008000964      0x110 C:/ST/STM32CubeIDE_1.13.2/STM32CubeIDE/plugins/com.st.stm32cube.ide.mcu.externaltools.gnu-tools-for-stm32.11.3.rel1.win32_1.1.1.202309131626/tools/bin/../lib/gcc/arm-none-eabi/11.3.1/thumb/v7e-m+fp/hard\libgcc.a(_arm_cmpdf2.o)
                0x0000000008000964                __gtdf2
                0x0000000008000964                __gedf2
                0x000000000800096c                __ltdf2
                0x000000000800096c                __ledf2
                0x0000000008000974                __nedf2
                0x0000000008000974                __eqdf2
                0x0000000008000974                __cmpdf2
                0x00000000080009f0                __aeabi_cdrcmple
                0x0000000008000a00                __aeabi_cdcmpeq
                0x0000000008000a00                __aeabi_cdcmple
                0x0000000008000a10                __aeabi_dcmpeq
                0x0000000008000a24                __aeabi_dcmplt
                0x0000000008000a38                __aeabi_dcmple
                0x0000000008000a4c                __aeabi_dcmpge
                0x0000000008000a60                __aeabi_dcmpgt
 .text          0x0000000008000a74       0x50 C:/ST/STM32CubeIDE_1.13.2/STM32CubeIDE/plugins/com.st.stm32cube.ide.mcu.externaltools.gnu-tools-for-stm32.11.3.rel1.win32_1.1.1.202309131626/tools/bin/../lib/gcc/arm-none-eabi/11.3.1/thumb/v7e-m+fp/hard\libgcc.a(_arm_fixdfsi.o)
                0x0000000008000a74                __aeabi_d2iz
                0x0000000008000a74                __fixdfsi
 .text          0x0000000008000ac4       0x40 C:/ST/STM32CubeIDE_1.13.2/STM32CubeIDE/plugins/com.st.stm32cube.ide.mcu.externaltools.gnu-tools-for-stm32.11.3.rel1.win32_1.1.1.202309131626/tools/bin/../lib/gcc/arm-none-eabi/11.3.1/thumb/v7e-m+fp/hard\libgcc.a(_arm_fixunsdfsi.o)
                0x0000000008000ac4                __aeabi_d2uiz
                0x0000000008000ac4                __fixunsdfsi
 .text          0x0000000008000b04       0xa0 C:/ST/STM32CubeIDE_1.13.2/STM32CubeIDE/plugins/com.st.stm32cube.ide.mcu.externaltools.gnu-tools-for-stm32.11.3.rel1.win32_1.1.1.202309131626/tools/bin/../lib/gcc/arm-none-eabi/11.3.1/thumb/v7e-m+fp/hard\libgcc.a(_arm_truncdfsf2.o)
                0x0000000008000b04                __truncdfsf2
                0x0000000008000b04                __aeabi_d2f
 *(.text*)
 .text.initializeBalanceTube
                0x0000000008000ba4       0xbc ./Core/Src/BalanceTube.o
                0x0000000008000ba4                initializeBalanceTube
 .text.runBalanceTube
                0x0000000008000c60      0x344 ./Core/Src/BalanceTube.o
                0x0000000008000c60                runBalanceTube
 .text.HAL_TIM_PWM_PulseFinishedCallback
                0x0000000008000fa4        0xa ./Core/Src/BalanceTube.o
                0x0000000008000fa4                HAL_TIM_PWM_PulseFinishedCallback
 *fill*         0x0000000008000fae        0x2 
 .text.HAL_TIM_PeriodElapsedCallback
                0x0000000008000fb0       0x28 ./Core/Src/BalanceTube.o
                0x0000000008000fb0                HAL_TIM_PeriodElapsedCallback
 .text._writeCmd
                0x0000000008000fd8       0x28 ./Core/Src/ht16k33.o
                0x0000000008000fd8                _writeCmd
 .text._writePos
                0x0000000008001000       0x40 ./Core/Src/ht16k33.o
                0x0000000008001000                _writePos
 .text._writePosPoint
                0x0000000008001040       0x14 ./Core/Src/ht16k33.o
                0x0000000008001040                _writePosPoint
 .text.seg7_setBrightness
                0x0000000008001054       0x30 ./Core/Src/ht16k33.o
                0x0000000008001054                seg7_setBrightness
 .text.seg7_displayOn
                0x0000000008001084       0x1c ./Core/Src/ht16k33.o
                0x0000000008001084                seg7_displayOn
 .text.seg7_displayPoint
                0x00000000080010a0       0x54 ./Core/Src/ht16k33.o
                0x00000000080010a0                seg7_displayPoint
 .text.seg7_displayIntWithPoint
                0x00000000080010f4       0xe0 ./Core/Src/ht16k33.o
                0x00000000080010f4                seg7_displayIntWithPoint
 .text.SystemClock_Config
                0x00000000080011d4       0x88 ./Core/Src/main.o
                0x00000000080011d4                SystemClock_Config
 .text.main     0x000000000800125c      0x340 ./Core/Src/main.o
                0x000000000800125c                main
 .text.Error_Handler
                0x000000000800159c        0x4 ./Core/Src/main.o
                0x000000000800159c                Error_Handler
 .text.HAL_MspInit
                0x00000000080015a0       0x30 ./Core/Src/stm32f3xx_hal_msp.o
                0x00000000080015a0                HAL_MspInit
 .text.HAL_ADC_MspInit
                0x00000000080015d0       0x5e ./Core/Src/stm32f3xx_hal_msp.o
                0x00000000080015d0                HAL_ADC_MspInit
 *fill*         0x000000000800162e        0x2 
 .text.HAL_I2C_MspInit
                0x0000000008001630       0x6c ./Core/Src/stm32f3xx_hal_msp.o
                0x0000000008001630                HAL_I2C_MspInit
 .text.HAL_TIM_PWM_MspInit
                0x000000000800169c       0x90 ./Core/Src/stm32f3xx_hal_msp.o
                0x000000000800169c                HAL_TIM_PWM_MspInit
 .text.HAL_TIM_Base_MspInit
                0x000000000800172c       0x40 ./Core/Src/stm32f3xx_hal_msp.o
                0x000000000800172c                HAL_TIM_Base_MspInit
 .text.HAL_TIM_MspPostInit
                0x000000000800176c       0x84 ./Core/Src/stm32f3xx_hal_msp.o
                0x000000000800176c                HAL_TIM_MspPostInit
 .text.HAL_UART_MspInit
                0x00000000080017f0       0x68 ./Core/Src/stm32f3xx_hal_msp.o
                0x00000000080017f0                HAL_UART_MspInit
 .text.NMI_Handler
                0x0000000008001858        0x2 ./Core/Src/stm32f3xx_it.o
                0x0000000008001858                NMI_Handler
 .text.HardFault_Handler
                0x000000000800185a        0x2 ./Core/Src/stm32f3xx_it.o
                0x000000000800185a                HardFault_Handler
 .text.MemManage_Handler
                0x000000000800185c        0x2 ./Core/Src/stm32f3xx_it.o
                0x000000000800185c                MemManage_Handler
 .text.BusFault_Handler
                0x000000000800185e        0x2 ./Core/Src/stm32f3xx_it.o
                0x000000000800185e                BusFault_Handler
 .text.UsageFault_Handler
                0x0000000008001860        0x2 ./Core/Src/stm32f3xx_it.o
                0x0000000008001860                UsageFault_Handler
 .text.SVC_Handler
                0x0000000008001862        0x2 ./Core/Src/stm32f3xx_it.o
                0x0000000008001862                SVC_Handler
 .text.DebugMon_Handler
                0x0000000008001864        0x2 ./Core/Src/stm32f3xx_it.o
                0x0000000008001864                DebugMon_Handler
 .text.PendSV_Handler
                0x0000000008001866        0x2 ./Core/Src/stm32f3xx_it.o
                0x0000000008001866                PendSV_Handler
 .text.SysTick_Handler
                0x0000000008001868        0x8 ./Core/Src/stm32f3xx_it.o
                0x0000000008001868                SysTick_Handler
 .text.DMA1_Channel6_IRQHandler
                0x0000000008001870       0x10 ./Core/Src/stm32f3xx_it.o
                0x0000000008001870                DMA1_Channel6_IRQHandler
 .text.TIM6_DAC1_IRQHandler
                0x0000000008001880       0x10 ./Core/Src/stm32f3xx_it.o
                0x0000000008001880                TIM6_DAC1_IRQHandler
 .text._read    0x0000000008001890       0x1a ./Core/Src/syscalls.o
                0x0000000008001890                _read
 .text._write   0x00000000080018aa       0x1a ./Core/Src/syscalls.o
                0x00000000080018aa                _write
 .text._close   0x00000000080018c4        0x6 ./Core/Src/syscalls.o
                0x00000000080018c4                _close
 .text._fstat   0x00000000080018ca        0xa ./Core/Src/syscalls.o
                0x00000000080018ca                _fstat
 .text._isatty  0x00000000080018d4        0x4 ./Core/Src/syscalls.o
                0x00000000080018d4                _isatty
 .text._lseek   0x00000000080018d8        0x4 ./Core/Src/syscalls.o
                0x00000000080018d8                _lseek
 .text._sbrk    0x00000000080018dc       0x48 ./Core/Src/sysmem.o
                0x00000000080018dc                _sbrk
 .text.SystemInit
                0x0000000008001924       0x14 ./Core/Src/system_stm32f3xx.o
                0x0000000008001924                SystemInit
 .text.VL53L0X_GetDeviceInfo
                0x0000000008001938        0x8 ./Core/Src/vl53l0x/vl53l0x_api.o
                0x0000000008001938                VL53L0X_GetDeviceInfo
 .text.VL53L0X_SetDeviceMode
                0x0000000008001940       0x24 ./Core/Src/vl53l0x/vl53l0x_api.o
                0x0000000008001940                VL53L0X_SetDeviceMode
 .text.VL53L0X_GetFractionEnable
                0x0000000008001964       0x18 ./Core/Src/vl53l0x/vl53l0x_api.o
                0x0000000008001964                VL53L0X_GetFractionEnable
 .text.VL53L0X_SetMeasurementTimingBudgetMicroSeconds
                0x000000000800197c        0x8 ./Core/Src/vl53l0x/vl53l0x_api.o
                0x000000000800197c                VL53L0X_SetMeasurementTimingBudgetMicroSeconds
 .text.VL53L0X_SetVcselPulsePeriod
                0x0000000008001984        0x8 ./Core/Src/vl53l0x/vl53l0x_api.o
                0x0000000008001984                VL53L0X_SetVcselPulsePeriod
 .text.VL53L0X_GetVcselPulsePeriod
                0x000000000800198c        0x8 ./Core/Src/vl53l0x/vl53l0x_api.o
                0x000000000800198c                VL53L0X_GetVcselPulsePeriod
 .text.VL53L0X_SetSequenceStepEnable
                0x0000000008001994       0xac ./Core/Src/vl53l0x/vl53l0x_api.o
                0x0000000008001994                VL53L0X_SetSequenceStepEnable
 .text.sequence_step_enabled
                0x0000000008001a40       0x48 ./Core/Src/vl53l0x/vl53l0x_api.o
                0x0000000008001a40                sequence_step_enabled
 .text.VL53L0X_GetSequenceStepEnables
                0x0000000008001a88       0x7e ./Core/Src/vl53l0x/vl53l0x_api.o
                0x0000000008001a88                VL53L0X_GetSequenceStepEnables
 *fill*         0x0000000008001b06        0x2 
 .text.VL53L0X_GetSequenceStepTimeout
                0x0000000008001b08       0x3c ./Core/Src/vl53l0x/vl53l0x_api.o
                0x0000000008001b08                VL53L0X_GetSequenceStepTimeout
 .text.VL53L0X_GetInterMeasurementPeriodMilliSeconds
                0x0000000008001b44       0x3a ./Core/Src/vl53l0x/vl53l0x_api.o
                0x0000000008001b44                VL53L0X_GetInterMeasurementPeriodMilliSeconds
 .text.VL53L0X_GetXTalkCompensationEnable
                0x0000000008001b7e        0x8 ./Core/Src/vl53l0x/vl53l0x_api.o
                0x0000000008001b7e                VL53L0X_GetXTalkCompensationEnable
 .text.VL53L0X_GetXTalkCompensationRateMegaCps
                0x0000000008001b86       0x32 ./Core/Src/vl53l0x/vl53l0x_api.o
                0x0000000008001b86                VL53L0X_GetXTalkCompensationRateMegaCps
 .text.VL53L0X_SetLimitCheckEnable
                0x0000000008001bb8       0x8e ./Core/Src/vl53l0x/vl53l0x_api.o
                0x0000000008001bb8                VL53L0X_SetLimitCheckEnable
 .text.VL53L0X_GetLimitCheckEnable
                0x0000000008001c46       0x18 ./Core/Src/vl53l0x/vl53l0x_api.o
                0x0000000008001c46                VL53L0X_GetLimitCheckEnable
 .text.VL53L0X_SetLimitCheckValue
                0x0000000008001c5e       0x5e ./Core/Src/vl53l0x/vl53l0x_api.o
                0x0000000008001c5e                VL53L0X_SetLimitCheckValue
 .text.VL53L0X_GetLimitCheckValue
                0x0000000008001cbc       0x72 ./Core/Src/vl53l0x/vl53l0x_api.o
                0x0000000008001cbc                VL53L0X_GetLimitCheckValue
 .text.VL53L0X_GetWrapAroundCheckEnable
                0x0000000008001d2e       0x28 ./Core/Src/vl53l0x/vl53l0x_api.o
                0x0000000008001d2e                VL53L0X_GetWrapAroundCheckEnable
 .text.VL53L0X_GetDeviceParameters
                0x0000000008001d56       0x80 ./Core/Src/vl53l0x/vl53l0x_api.o
                0x0000000008001d56                VL53L0X_GetDeviceParameters
 *fill*         0x0000000008001dd6        0x2 
 .text.VL53L0X_DataInit
                0x0000000008001dd8      0x180 ./Core/Src/vl53l0x/vl53l0x_api.o
                0x0000000008001dd8                VL53L0X_DataInit
 .text.VL53L0X_PerformRefCalibration
                0x0000000008001f58        0xa ./Core/Src/vl53l0x/vl53l0x_api.o
                0x0000000008001f58                VL53L0X_PerformRefCalibration
 *fill*         0x0000000008001f62        0x2 
 .text.VL53L0X_GetRangingMeasurementData
                0x0000000008001f64      0x150 ./Core/Src/vl53l0x/vl53l0x_api.o
                0x0000000008001f64                VL53L0X_GetRangingMeasurementData
 .text.VL53L0X_GetInterruptThresholds
                0x00000000080020b4       0x44 ./Core/Src/vl53l0x/vl53l0x_api.o
                0x00000000080020b4                VL53L0X_GetInterruptThresholds
 .text.VL53L0X_CheckAndLoadInterruptSettings
                0x00000000080020f8       0x80 ./Core/Src/vl53l0x/vl53l0x_api.o
                0x00000000080020f8                VL53L0X_CheckAndLoadInterruptSettings
 .text.VL53L0X_StartMeasurement
                0x0000000008002178       0x9e ./Core/Src/vl53l0x/vl53l0x_api.o
                0x0000000008002178                VL53L0X_StartMeasurement
 .text.VL53L0X_PerformSingleMeasurement
                0x0000000008002216       0x2c ./Core/Src/vl53l0x/vl53l0x_api.o
                0x0000000008002216                VL53L0X_PerformSingleMeasurement
 .text.VL53L0X_ClearInterruptMask
                0x0000000008002242       0x68 ./Core/Src/vl53l0x/vl53l0x_api.o
                0x0000000008002242                VL53L0X_ClearInterruptMask
 .text.VL53L0X_PerformSingleRangingMeasurement
                0x00000000080022aa       0x3a ./Core/Src/vl53l0x/vl53l0x_api.o
                0x00000000080022aa                VL53L0X_PerformSingleRangingMeasurement
 .text.VL53L0X_SetGpioConfig
                0x00000000080022e4      0x144 ./Core/Src/vl53l0x/vl53l0x_api.o
                0x00000000080022e4                VL53L0X_SetGpioConfig
 .text.VL53L0X_StaticInit
                0x0000000008002428      0x1ac ./Core/Src/vl53l0x/vl53l0x_api.o
                0x0000000008002428                VL53L0X_StaticInit
 .text.VL53L0X_GetInterruptMaskStatus
                0x00000000080025d4       0x28 ./Core/Src/vl53l0x/vl53l0x_api.o
                0x00000000080025d4                VL53L0X_GetInterruptMaskStatus
 .text.VL53L0X_GetMeasurementDataReady
                0x00000000080025fc       0x42 ./Core/Src/vl53l0x/vl53l0x_api.o
                0x00000000080025fc                VL53L0X_GetMeasurementDataReady
 .text.VL53L0X_PerformRefSpadManagement
                0x000000000800263e        0x8 ./Core/Src/vl53l0x/vl53l0x_api.o
                0x000000000800263e                VL53L0X_PerformRefSpadManagement
 .text.VL53L0X_get_offset_calibration_data_micro_meter
                0x0000000008002646       0x30 ./Core/Src/vl53l0x/vl53l0x_api_calibration.o
                0x0000000008002646                VL53L0X_get_offset_calibration_data_micro_meter
 .text.get_next_good_spad
                0x0000000008002676       0x54 ./Core/Src/vl53l0x/vl53l0x_api_calibration.o
                0x0000000008002676                get_next_good_spad
 *fill*         0x00000000080026ca        0x2 
 .text.is_aperture
                0x00000000080026cc       0x14 ./Core/Src/vl53l0x/vl53l0x_api_calibration.o
                0x00000000080026cc                is_aperture
 .text.enable_spad_bit
                0x00000000080026e0       0x26 ./Core/Src/vl53l0x/vl53l0x_api_calibration.o
                0x00000000080026e0                enable_spad_bit
 .text.set_ref_spad_map
                0x0000000008002706        0xe ./Core/Src/vl53l0x/vl53l0x_api_calibration.o
                0x0000000008002706                set_ref_spad_map
 .text.get_ref_spad_map
                0x0000000008002714        0xe ./Core/Src/vl53l0x/vl53l0x_api_calibration.o
                0x0000000008002714                get_ref_spad_map
 .text.enable_ref_spads
                0x0000000008002722       0x9a ./Core/Src/vl53l0x/vl53l0x_api_calibration.o
                0x0000000008002722                enable_ref_spads
 .text.perform_ref_signal_measurement
                0x00000000080027bc       0x72 ./Core/Src/vl53l0x/vl53l0x_api_calibration.o
                0x00000000080027bc                perform_ref_signal_measurement
 .text.VL53L0X_set_reference_spads
                0x000000000800282e       0xb4 ./Core/Src/vl53l0x/vl53l0x_api_calibration.o
                0x000000000800282e                VL53L0X_set_reference_spads
 .text.VL53L0X_perform_single_ref_calibration
                0x00000000080028e2       0x3e ./Core/Src/vl53l0x/vl53l0x_api_calibration.o
                0x00000000080028e2                VL53L0X_perform_single_ref_calibration
 .text.VL53L0X_ref_calibration_io
                0x0000000008002920       0xde ./Core/Src/vl53l0x/vl53l0x_api_calibration.o
                0x0000000008002920                VL53L0X_ref_calibration_io
 .text.VL53L0X_perform_vhv_calibration
                0x00000000080029fe       0x80 ./Core/Src/vl53l0x/vl53l0x_api_calibration.o
                0x00000000080029fe                VL53L0X_perform_vhv_calibration
 .text.VL53L0X_perform_phase_calibration
                0x0000000008002a7e       0x7a ./Core/Src/vl53l0x/vl53l0x_api_calibration.o
                0x0000000008002a7e                VL53L0X_perform_phase_calibration
 .text.VL53L0X_perform_ref_calibration
                0x0000000008002af8       0x3c ./Core/Src/vl53l0x/vl53l0x_api_calibration.o
                0x0000000008002af8                VL53L0X_perform_ref_calibration
 .text.VL53L0X_perform_ref_spad_management
                0x0000000008002b34      0x288 ./Core/Src/vl53l0x/vl53l0x_api_calibration.o
                0x0000000008002b34                VL53L0X_perform_ref_spad_management
 .text.VL53L0X_measurement_poll_for_completion
                0x0000000008002dbc       0x3a ./Core/Src/vl53l0x/vl53l0x_api_core.o
                0x0000000008002dbc                VL53L0X_measurement_poll_for_completion
 .text.VL53L0X_isqrt
                0x0000000008002df6       0x34 ./Core/Src/vl53l0x/vl53l0x_api_core.o
                0x0000000008002df6                VL53L0X_isqrt
 .text.VL53L0X_device_read_strobe
                0x0000000008002e2a       0x58 ./Core/Src/vl53l0x/vl53l0x_api_core.o
                0x0000000008002e2a                VL53L0X_device_read_strobe
 .text.VL53L0X_get_info_from_device
                0x0000000008002e82      0x57c ./Core/Src/vl53l0x/vl53l0x_api_core.o
                0x0000000008002e82                VL53L0X_get_info_from_device
 .text.VL53L0X_encode_timeout
                0x00000000080033fe       0x2a ./Core/Src/vl53l0x/vl53l0x_api_core.o
                0x00000000080033fe                VL53L0X_encode_timeout
 .text.VL53L0X_decode_timeout
                0x0000000008003428        0xc ./Core/Src/vl53l0x/vl53l0x_api_core.o
                0x0000000008003428                VL53L0X_decode_timeout
 .text.VL53L0X_calc_timeout_mclks
                0x0000000008003434       0x34 ./Core/Src/vl53l0x/vl53l0x_api_core.o
                0x0000000008003434                VL53L0X_calc_timeout_mclks
 .text.VL53L0X_calc_timeout_us
                0x0000000008003468       0x28 ./Core/Src/vl53l0x/vl53l0x_api_core.o
                0x0000000008003468                VL53L0X_calc_timeout_us
 .text.get_sequence_step_timeout
                0x0000000008003490      0x11e ./Core/Src/vl53l0x/vl53l0x_api_core.o
                0x0000000008003490                get_sequence_step_timeout
 .text.set_sequence_step_timeout
                0x00000000080035ae      0x112 ./Core/Src/vl53l0x/vl53l0x_api_core.o
                0x00000000080035ae                set_sequence_step_timeout
 .text.VL53L0X_set_vcsel_pulse_period
                0x00000000080036c0      0x320 ./Core/Src/vl53l0x/vl53l0x_api_core.o
                0x00000000080036c0                VL53L0X_set_vcsel_pulse_period
 .text.VL53L0X_get_vcsel_pulse_period
                0x00000000080039e0       0x3a ./Core/Src/vl53l0x/vl53l0x_api_core.o
                0x00000000080039e0                VL53L0X_get_vcsel_pulse_period
 .text.VL53L0X_set_measurement_timing_budget_micro_seconds
                0x0000000008003a1a       0xea ./Core/Src/vl53l0x/vl53l0x_api_core.o
                0x0000000008003a1a                VL53L0X_set_measurement_timing_budget_micro_seconds
 .text.VL53L0X_get_measurement_timing_budget_micro_seconds
                0x0000000008003b04       0xd4 ./Core/Src/vl53l0x/vl53l0x_api_core.o
                0x0000000008003b04                VL53L0X_get_measurement_timing_budget_micro_seconds
 .text.VL53L0X_load_tuning_settings
                0x0000000008003bd8       0xcc ./Core/Src/vl53l0x/vl53l0x_api_core.o
                0x0000000008003bd8                VL53L0X_load_tuning_settings
 .text.VL53L0X_get_total_xtalk_rate
                0x0000000008003ca4       0x30 ./Core/Src/vl53l0x/vl53l0x_api_core.o
                0x0000000008003ca4                VL53L0X_get_total_xtalk_rate
 .text.VL53L0X_get_total_signal_rate
                0x0000000008003cd4       0x1e ./Core/Src/vl53l0x/vl53l0x_api_core.o
                0x0000000008003cd4                VL53L0X_get_total_signal_rate
 *fill*         0x0000000008003cf2        0x2 
 .text.VL53L0X_calc_dmax
                0x0000000008003cf4       0xf4 ./Core/Src/vl53l0x/vl53l0x_api_core.o
                0x0000000008003cf4                VL53L0X_calc_dmax
 .text.VL53L0X_calc_sigma_estimate
                0x0000000008003de8      0x218 ./Core/Src/vl53l0x/vl53l0x_api_core.o
                0x0000000008003de8                VL53L0X_calc_sigma_estimate
 .text.VL53L0X_get_pal_range_status
                0x0000000008004000      0x254 ./Core/Src/vl53l0x/vl53l0x_api_core.o
                0x0000000008004000                VL53L0X_get_pal_range_status
 .text.VL53L0X_check_part_used
                0x0000000008004254       0x36 ./Core/Src/vl53l0x/vl53l0x_api_strings.o
                0x0000000008004254                VL53L0X_check_part_used
 *fill*         0x000000000800428a        0x2 
 .text.VL53L0X_get_device_info
                0x000000000800428c       0xb0 ./Core/Src/vl53l0x/vl53l0x_api_strings.o
                0x000000000800428c                VL53L0X_get_device_info
 .text._I2CWrite
                0x000000000800433c       0x20 ./Core/Src/vl53l0x/vl53l0x_tof.o
                0x000000000800433c                _I2CWrite
 .text._I2CRead
                0x000000000800435c       0x24 ./Core/Src/vl53l0x/vl53l0x_tof.o
                0x000000000800435c                _I2CRead
 .text.VL53L0X_RdByte
                0x0000000008004380       0x36 ./Core/Src/vl53l0x/vl53l0x_tof.o
                0x0000000008004380                VL53L0X_RdByte
 *fill*         0x00000000080043b6        0x2 
 .text.VL53L0X_WriteMulti
                0x00000000080043b8       0x3c ./Core/Src/vl53l0x/vl53l0x_tof.o
                0x00000000080043b8                VL53L0X_WriteMulti
 .text.VL53L0X_ReadMulti
                0x00000000080043f4       0x38 ./Core/Src/vl53l0x/vl53l0x_tof.o
                0x00000000080043f4                VL53L0X_ReadMulti
 .text.VL53L0X_RdWord
                0x000000000800442c       0x44 ./Core/Src/vl53l0x/vl53l0x_tof.o
                0x000000000800442c                VL53L0X_RdWord
 .text.VL53L0X_RdDWord
                0x0000000008004470       0x50 ./Core/Src/vl53l0x/vl53l0x_tof.o
                0x0000000008004470                VL53L0X_RdDWord
 .text.VL53L0X_WrByte
                0x00000000080044c0       0x20 ./Core/Src/vl53l0x/vl53l0x_tof.o
                0x00000000080044c0                VL53L0X_WrByte
 .text.VL53L0X_WrWord
                0x00000000080044e0       0x24 ./Core/Src/vl53l0x/vl53l0x_tof.o
                0x00000000080044e0                VL53L0X_WrWord
 .text.VL53L0X_UpdateByte
                0x0000000008004504       0x32 ./Core/Src/vl53l0x/vl53l0x_tof.o
                0x0000000008004504                VL53L0X_UpdateByte
 .text.VL53L0X_PollingDelay
                0x0000000008004536        0xc ./Core/Src/vl53l0x/vl53l0x_tof.o
                0x0000000008004536                VL53L0X_PollingDelay
 *fill*         0x0000000008004542        0x2 
 .text.SetupSingleShot
                0x0000000008004544      0x120 ./Core/Src/vl53l0x/vl53l0x_tof.o
                0x0000000008004544                SetupSingleShot
 .text.Reset_Handler
                0x0000000008004664       0x50 ./Core/Startup/startup_stm32f334r8tx.o
                0x0000000008004664                Reset_Handler
 .text.Default_Handler
                0x00000000080046b4        0x2 ./Core/Startup/startup_stm32f334r8tx.o
                0x00000000080046b4                RTC_Alarm_IRQHandler
                0x00000000080046b4                HRTIM1_Master_IRQHandler
                0x00000000080046b4                TIM1_CC_IRQHandler
                0x00000000080046b4                HRTIM1_FLT_IRQHandler
                0x00000000080046b4                PVD_IRQHandler
                0x00000000080046b4                HRTIM1_TIMD_IRQHandler
                0x00000000080046b4                TAMP_STAMP_IRQHandler
                0x00000000080046b4                EXTI3_IRQHandler
                0x00000000080046b4                EXTI0_IRQHandler
                0x00000000080046b4                FPU_IRQHandler
                0x00000000080046b4                CAN_TX_IRQHandler
                0x00000000080046b4                TIM1_UP_TIM16_IRQHandler
                0x00000000080046b4                ADC1_2_IRQHandler
                0x00000000080046b4                HRTIM1_TIME_IRQHandler
                0x00000000080046b4                SPI1_IRQHandler
                0x00000000080046b4                CAN_SCE_IRQHandler
                0x00000000080046b4                HRTIM1_TIMC_IRQHandler
                0x00000000080046b4                DMA1_Channel4_IRQHandler
                0x00000000080046b4                USART3_IRQHandler
                0x00000000080046b4                DMA1_Channel7_IRQHandler
                0x00000000080046b4                TIM7_DAC2_IRQHandler
                0x00000000080046b4                CAN_RX1_IRQHandler
                0x00000000080046b4                I2C1_EV_IRQHandler
                0x00000000080046b4                TIM3_IRQHandler
                0x00000000080046b4                RCC_IRQHandler
                0x00000000080046b4                DMA1_Channel1_IRQHandler
                0x00000000080046b4                Default_Handler
                0x00000000080046b4                EXTI15_10_IRQHandler
                0x00000000080046b4                COMP2_IRQHandler
                0x00000000080046b4                HRTIM1_TIMA_IRQHandler
                0x00000000080046b4                EXTI9_5_IRQHandler
                0x00000000080046b4                RTC_WKUP_IRQHandler
                0x00000000080046b4                DMA1_Channel5_IRQHandler
                0x00000000080046b4                EXTI4_IRQHandler
                0x00000000080046b4                HRTIM1_TIMB_IRQHandler
                0x00000000080046b4                TIM1_TRG_COM_TIM17_IRQHandler
                0x00000000080046b4                DMA1_Channel3_IRQHandler
                0x00000000080046b4                WWDG_IRQHandler
                0x00000000080046b4                TIM2_IRQHandler
                0x00000000080046b4                EXTI1_IRQHandler
                0x00000000080046b4                COMP4_6_IRQHandler
                0x00000000080046b4                USART2_IRQHandler
                0x00000000080046b4                DMA1_Channel2_IRQHandler
                0x00000000080046b4                FLASH_IRQHandler
                0x00000000080046b4                USART1_IRQHandler
                0x00000000080046b4                CAN_RX0_IRQHandler
                0x00000000080046b4                I2C1_ER_IRQHandler
                0x00000000080046b4                EXTI2_TSC_IRQHandler
                0x00000000080046b4                TIM1_BRK_TIM15_IRQHandler
 *fill*         0x00000000080046b6        0x2 
 .text.HAL_InitTick
                0x00000000080046b8       0x4c ./Drivers/STM32F3xx_HAL_Driver/Src/stm32f3xx_hal.o
                0x00000000080046b8                HAL_InitTick
 .text.HAL_Init
                0x0000000008004704       0x24 ./Drivers/STM32F3xx_HAL_Driver/Src/stm32f3xx_hal.o
                0x0000000008004704                HAL_Init
 .text.HAL_IncTick
                0x0000000008004728       0x18 ./Drivers/STM32F3xx_HAL_Driver/Src/stm32f3xx_hal.o
                0x0000000008004728                HAL_IncTick
 .text.HAL_GetTick
                0x0000000008004740        0xc ./Drivers/STM32F3xx_HAL_Driver/Src/stm32f3xx_hal.o
                0x0000000008004740                HAL_GetTick
 .text.HAL_Delay
                0x000000000800474c       0x28 ./Drivers/STM32F3xx_HAL_Driver/Src/stm32f3xx_hal.o
                0x000000000800474c                HAL_Delay
 .text.ADC_Disable
                0x0000000008004774       0x98 ./Drivers/STM32F3xx_HAL_Driver/Src/stm32f3xx_hal_adc_ex.o
 .text.ADC_Enable
                0x000000000800480c       0x90 ./Drivers/STM32F3xx_HAL_Driver/Src/stm32f3xx_hal_adc_ex.o
 .text.HAL_ADC_Init
                0x000000000800489c      0x210 ./Drivers/STM32F3xx_HAL_Driver/Src/stm32f3xx_hal_adc_ex.o
                0x000000000800489c                HAL_ADC_Init
 .text.HAL_ADC_Start
                0x0000000008004aac       0xf8 ./Drivers/STM32F3xx_HAL_Driver/Src/stm32f3xx_hal_adc_ex.o
                0x0000000008004aac                HAL_ADC_Start
 .text.HAL_ADC_PollForConversion
                0x0000000008004ba4      0x114 ./Drivers/STM32F3xx_HAL_Driver/Src/stm32f3xx_hal_adc_ex.o
                0x0000000008004ba4                HAL_ADC_PollForConversion
 .text.HAL_ADC_GetValue
                0x0000000008004cb8        0x6 ./Drivers/STM32F3xx_HAL_Driver/Src/stm32f3xx_hal_adc_ex.o
                0x0000000008004cb8                HAL_ADC_GetValue
 .text.HAL_ADCEx_Calibration_Start
                0x0000000008004cbe       0x9c ./Drivers/STM32F3xx_HAL_Driver/Src/stm32f3xx_hal_adc_ex.o
                0x0000000008004cbe                HAL_ADCEx_Calibration_Start
 *fill*         0x0000000008004d5a        0x2 
 .text.HAL_ADC_ConfigChannel
                0x0000000008004d5c      0x3a0 ./Drivers/STM32F3xx_HAL_Driver/Src/stm32f3xx_hal_adc_ex.o
                0x0000000008004d5c                HAL_ADC_ConfigChannel
 .text.HAL_ADCEx_MultiModeConfigChannel
                0x00000000080050fc      0x114 ./Drivers/STM32F3xx_HAL_Driver/Src/stm32f3xx_hal_adc_ex.o
                0x00000000080050fc                HAL_ADCEx_MultiModeConfigChannel
 .text.HAL_NVIC_SetPriorityGrouping
                0x0000000008005210       0x24 ./Drivers/STM32F3xx_HAL_Driver/Src/stm32f3xx_hal_cortex.o
                0x0000000008005210                HAL_NVIC_SetPriorityGrouping
 .text.HAL_NVIC_SetPriority
                0x0000000008005234       0x6c ./Drivers/STM32F3xx_HAL_Driver/Src/stm32f3xx_hal_cortex.o
                0x0000000008005234                HAL_NVIC_SetPriority
 .text.HAL_NVIC_EnableIRQ
                0x00000000080052a0       0x1c ./Drivers/STM32F3xx_HAL_Driver/Src/stm32f3xx_hal_cortex.o
                0x00000000080052a0                HAL_NVIC_EnableIRQ
 .text.HAL_SYSTICK_Config
                0x00000000080052bc       0x28 ./Drivers/STM32F3xx_HAL_Driver/Src/stm32f3xx_hal_cortex.o
                0x00000000080052bc                HAL_SYSTICK_Config
 .text.HAL_DMA_Init
                0x00000000080052e4       0x74 ./Drivers/STM32F3xx_HAL_Driver/Src/stm32f3xx_hal_dma.o
                0x00000000080052e4                HAL_DMA_Init
 .text.HAL_DMA_Start_IT
                0x0000000008005358       0x9a ./Drivers/STM32F3xx_HAL_Driver/Src/stm32f3xx_hal_dma.o
                0x0000000008005358                HAL_DMA_Start_IT
 .text.HAL_DMA_Abort_IT
                0x00000000080053f2       0x4a ./Drivers/STM32F3xx_HAL_Driver/Src/stm32f3xx_hal_dma.o
                0x00000000080053f2                HAL_DMA_Abort_IT
 .text.HAL_DMA_IRQHandler
                0x000000000800543c       0xb2 ./Drivers/STM32F3xx_HAL_Driver/Src/stm32f3xx_hal_dma.o
                0x000000000800543c                HAL_DMA_IRQHandler
 *fill*         0x00000000080054ee        0x2 
 .text.HAL_GPIO_Init
                0x00000000080054f0      0x1a8 ./Drivers/STM32F3xx_HAL_Driver/Src/stm32f3xx_hal_gpio.o
                0x00000000080054f0                HAL_GPIO_Init
 .text.HAL_GPIO_ReadPin
                0x0000000008005698        0xc ./Drivers/STM32F3xx_HAL_Driver/Src/stm32f3xx_hal_gpio.o
                0x0000000008005698                HAL_GPIO_ReadPin
 .text.HAL_GPIO_WritePin
                0x00000000080056a4        0xa ./Drivers/STM32F3xx_HAL_Driver/Src/stm32f3xx_hal_gpio.o
                0x00000000080056a4                HAL_GPIO_WritePin
 .text.I2C_Flush_TXDR
                0x00000000080056ae       0x22 ./Drivers/STM32F3xx_HAL_Driver/Src/stm32f3xx_hal_i2c.o
 .text.I2C_TransferConfig
                0x00000000080056d0       0x3a ./Drivers/STM32F3xx_HAL_Driver/Src/stm32f3xx_hal_i2c.o
 .text.I2C_IsErrorOccurred
                0x000000000800570a      0x11c ./Drivers/STM32F3xx_HAL_Driver/Src/stm32f3xx_hal_i2c.o
 .text.I2C_WaitOnTXISFlagUntilTimeout
                0x0000000008005826       0x60 ./Drivers/STM32F3xx_HAL_Driver/Src/stm32f3xx_hal_i2c.o
 .text.I2C_WaitOnFlagUntilTimeout
                0x0000000008005886       0x70 ./Drivers/STM32F3xx_HAL_Driver/Src/stm32f3xx_hal_i2c.o
 .text.I2C_WaitOnSTOPFlagUntilTimeout
                0x00000000080058f6       0x6a ./Drivers/STM32F3xx_HAL_Driver/Src/stm32f3xx_hal_i2c.o
 .text.I2C_WaitOnRXNEFlagUntilTimeout
                0x0000000008005960       0xbe ./Drivers/STM32F3xx_HAL_Driver/Src/stm32f3xx_hal_i2c.o
 .text.HAL_I2C_Init
                0x0000000008005a1e       0xb4 ./Drivers/STM32F3xx_HAL_Driver/Src/stm32f3xx_hal_i2c.o
                0x0000000008005a1e                HAL_I2C_Init
 *fill*         0x0000000008005ad2        0x2 
 .text.HAL_I2C_Master_Transmit
                0x0000000008005ad4      0x18c ./Drivers/STM32F3xx_HAL_Driver/Src/stm32f3xx_hal_i2c.o
                0x0000000008005ad4                HAL_I2C_Master_Transmit
 .text.HAL_I2C_Master_Receive
                0x0000000008005c60      0x18c ./Drivers/STM32F3xx_HAL_Driver/Src/stm32f3xx_hal_i2c.o
                0x0000000008005c60                HAL_I2C_Master_Receive
 .text.HAL_I2CEx_ConfigAnalogFilter
                0x0000000008005dec       0x5c ./Drivers/STM32F3xx_HAL_Driver/Src/stm32f3xx_hal_i2c_ex.o
                0x0000000008005dec                HAL_I2CEx_ConfigAnalogFilter
 .text.HAL_I2CEx_ConfigDigitalFilter
                0x0000000008005e48       0x58 ./Drivers/STM32F3xx_HAL_Driver/Src/stm32f3xx_hal_i2c_ex.o
                0x0000000008005e48                HAL_I2CEx_ConfigDigitalFilter
 .text.HAL_RCC_OscConfig
                0x0000000008005ea0      0x5d4 ./Drivers/STM32F3xx_HAL_Driver/Src/stm32f3xx_hal_rcc.o
                0x0000000008005ea0                HAL_RCC_OscConfig
 .text.HAL_RCC_GetSysClockFreq
                0x0000000008006474       0x70 ./Drivers/STM32F3xx_HAL_Driver/Src/stm32f3xx_hal_rcc.o
                0x0000000008006474                HAL_RCC_GetSysClockFreq
 .text.HAL_RCC_ClockConfig
                0x00000000080064e4      0x194 ./Drivers/STM32F3xx_HAL_Driver/Src/stm32f3xx_hal_rcc.o
                0x00000000080064e4                HAL_RCC_ClockConfig
 .text.HAL_RCC_GetPCLK1Freq
                0x0000000008006678       0x30 ./Drivers/STM32F3xx_HAL_Driver/Src/stm32f3xx_hal_rcc.o
                0x0000000008006678                HAL_RCC_GetPCLK1Freq
 .text.HAL_RCC_GetPCLK2Freq
                0x00000000080066a8       0x30 ./Drivers/STM32F3xx_HAL_Driver/Src/stm32f3xx_hal_rcc.o
                0x00000000080066a8                HAL_RCC_GetPCLK2Freq
 .text.HAL_RCCEx_PeriphCLKConfig
                0x00000000080066d8      0x194 ./Drivers/STM32F3xx_HAL_Driver/Src/stm32f3xx_hal_rcc_ex.o
                0x00000000080066d8                HAL_RCCEx_PeriphCLKConfig
 .text.TIM_OC1_SetConfig
                0x000000000800686c       0x9c ./Drivers/STM32F3xx_HAL_Driver/Src/stm32f3xx_hal_tim.o
 .text.TIM_OC3_SetConfig
                0x0000000008006908       0x7c ./Drivers/STM32F3xx_HAL_Driver/Src/stm32f3xx_hal_tim.o
 .text.TIM_OC4_SetConfig
                0x0000000008006984       0x64 ./Drivers/STM32F3xx_HAL_Driver/Src/stm32f3xx_hal_tim.o
 .text.TIM_OC5_SetConfig
                0x00000000080069e8       0x60 ./Drivers/STM32F3xx_HAL_Driver/Src/stm32f3xx_hal_tim.o
 .text.TIM_OC6_SetConfig
                0x0000000008006a48       0x64 ./Drivers/STM32F3xx_HAL_Driver/Src/stm32f3xx_hal_tim.o
 .text.HAL_TIM_Base_Start_IT
                0x0000000008006aac       0x74 ./Drivers/STM32F3xx_HAL_Driver/Src/stm32f3xx_hal_tim.o
                0x0000000008006aac                HAL_TIM_Base_Start_IT
 .text.HAL_TIM_OC_DelayElapsedCallback
                0x0000000008006b20        0x2 ./Drivers/STM32F3xx_HAL_Driver/Src/stm32f3xx_hal_tim.o
                0x0000000008006b20                HAL_TIM_OC_DelayElapsedCallback
 .text.HAL_TIM_IC_CaptureCallback
                0x0000000008006b22        0x2 ./Drivers/STM32F3xx_HAL_Driver/Src/stm32f3xx_hal_tim.o
                0x0000000008006b22                HAL_TIM_IC_CaptureCallback
 .text.TIM_DMADelayPulseCplt
                0x0000000008006b24       0x70 ./Drivers/STM32F3xx_HAL_Driver/Src/stm32f3xx_hal_tim.o
 .text.HAL_TIM_PWM_PulseFinishedHalfCpltCallback
                0x0000000008006b94        0x2 ./Drivers/STM32F3xx_HAL_Driver/Src/stm32f3xx_hal_tim.o
                0x0000000008006b94                HAL_TIM_PWM_PulseFinishedHalfCpltCallback
 .text.TIM_DMADelayPulseHalfCplt
                0x0000000008006b96       0x3e ./Drivers/STM32F3xx_HAL_Driver/Src/stm32f3xx_hal_tim.o
                0x0000000008006b96                TIM_DMADelayPulseHalfCplt
 .text.HAL_TIM_TriggerCallback
                0x0000000008006bd4        0x2 ./Drivers/STM32F3xx_HAL_Driver/Src/stm32f3xx_hal_tim.o
                0x0000000008006bd4                HAL_TIM_TriggerCallback
 .text.HAL_TIM_IRQHandler
                0x0000000008006bd6      0x19a ./Drivers/STM32F3xx_HAL_Driver/Src/stm32f3xx_hal_tim.o
                0x0000000008006bd6                HAL_TIM_IRQHandler
 .text.HAL_TIM_ErrorCallback
                0x0000000008006d70        0x2 ./Drivers/STM32F3xx_HAL_Driver/Src/stm32f3xx_hal_tim.o
                0x0000000008006d70                HAL_TIM_ErrorCallback
 .text.TIM_DMAError
                0x0000000008006d72       0x5c ./Drivers/STM32F3xx_HAL_Driver/Src/stm32f3xx_hal_tim.o
                0x0000000008006d72                TIM_DMAError
 *fill*         0x0000000008006dce        0x2 
 .text.TIM_Base_SetConfig
                0x0000000008006dd0       0xf4 ./Drivers/STM32F3xx_HAL_Driver/Src/stm32f3xx_hal_tim.o
                0x0000000008006dd0                TIM_Base_SetConfig
 .text.HAL_TIM_Base_Init
                0x0000000008006ec4       0x60 ./Drivers/STM32F3xx_HAL_Driver/Src/stm32f3xx_hal_tim.o
                0x0000000008006ec4                HAL_TIM_Base_Init
 .text.HAL_TIM_PWM_Init
                0x0000000008006f24       0x60 ./Drivers/STM32F3xx_HAL_Driver/Src/stm32f3xx_hal_tim.o
                0x0000000008006f24                HAL_TIM_PWM_Init
 .text.TIM_OC2_SetConfig
                0x0000000008006f84       0x7c ./Drivers/STM32F3xx_HAL_Driver/Src/stm32f3xx_hal_tim.o
                0x0000000008006f84                TIM_OC2_SetConfig
 .text.HAL_TIM_PWM_ConfigChannel
                0x0000000008007000      0x13a ./Drivers/STM32F3xx_HAL_Driver/Src/stm32f3xx_hal_tim.o
                0x0000000008007000                HAL_TIM_PWM_ConfigChannel
 .text.TIM_CCxChannelCmd
                0x000000000800713a       0x1e ./Drivers/STM32F3xx_HAL_Driver/Src/stm32f3xx_hal_tim.o
                0x000000000800713a                TIM_CCxChannelCmd
 .text.HAL_TIM_PWM_Start
                0x0000000008007158      0x17c ./Drivers/STM32F3xx_HAL_Driver/Src/stm32f3xx_hal_tim.o
                0x0000000008007158                HAL_TIM_PWM_Start
 .text.HAL_TIM_PWM_Start_DMA
                0x00000000080072d4      0x2fc ./Drivers/STM32F3xx_HAL_Driver/Src/stm32f3xx_hal_tim.o
                0x00000000080072d4                HAL_TIM_PWM_Start_DMA
 .text.HAL_TIM_PWM_Stop_DMA
                0x00000000080075d0      0x12c ./Drivers/STM32F3xx_HAL_Driver/Src/stm32f3xx_hal_tim.o
                0x00000000080075d0                HAL_TIM_PWM_Stop_DMA
 .text.HAL_TIMEx_MasterConfigSynchronization
                0x00000000080076fc       0x78 ./Drivers/STM32F3xx_HAL_Driver/Src/stm32f3xx_hal_tim_ex.o
                0x00000000080076fc                HAL_TIMEx_MasterConfigSynchronization
 .text.HAL_TIMEx_CommutCallback
                0x0000000008007774        0x2 ./Drivers/STM32F3xx_HAL_Driver/Src/stm32f3xx_hal_tim_ex.o
                0x0000000008007774                HAL_TIMEx_CommutCallback
 .text.HAL_TIMEx_BreakCallback
                0x0000000008007776        0x2 ./Drivers/STM32F3xx_HAL_Driver/Src/stm32f3xx_hal_tim_ex.o
                0x0000000008007776                HAL_TIMEx_BreakCallback
 .text.HAL_TIMEx_Break2Callback
                0x0000000008007778        0x2 ./Drivers/STM32F3xx_HAL_Driver/Src/stm32f3xx_hal_tim_ex.o
                0x0000000008007778                HAL_TIMEx_Break2Callback
 .text.UART_EndRxTransfer
                0x000000000800777a       0x52 ./Drivers/STM32F3xx_HAL_Driver/Src/stm32f3xx_hal_uart.o
 .text.UART_SetConfig
                0x00000000080077cc      0x180 ./Drivers/STM32F3xx_HAL_Driver/Src/stm32f3xx_hal_uart.o
                0x00000000080077cc                UART_SetConfig
 .text.UART_AdvFeatureConfig
                0x000000000800794c       0xca ./Drivers/STM32F3xx_HAL_Driver/Src/stm32f3xx_hal_uart.o
                0x000000000800794c                UART_AdvFeatureConfig
 .text.UART_WaitOnFlagUntilTimeout
                0x0000000008007a16       0x94 ./Drivers/STM32F3xx_HAL_Driver/Src/stm32f3xx_hal_uart.o
                0x0000000008007a16                UART_WaitOnFlagUntilTimeout
 .text.UART_CheckIdleState
                0x0000000008007aaa       0xbc ./Drivers/STM32F3xx_HAL_Driver/Src/stm32f3xx_hal_uart.o
                0x0000000008007aaa                UART_CheckIdleState
 .text.HAL_UART_Init
                0x0000000008007b66       0x62 ./Drivers/STM32F3xx_HAL_Driver/Src/stm32f3xx_hal_uart.o
                0x0000000008007b66                HAL_UART_Init
 .text.SystemLib_CounterTimer_StopWatch_Automatic_compute
                0x0000000008007bc8       0x1c ./src-gen/src/SystemLib_CounterTimer_StopWatch_Automatic.o
                0x0000000008007bc8                SystemLib_CounterTimer_StopWatch_Automatic_compute
 .text.SystemLib_CounterTimer_StopWatch_Automatic_reset
                0x0000000008007be4        0x8 ./src-gen/src/SystemLib_CounterTimer_StopWatch_Automatic.o
                0x0000000008007be4                SystemLib_CounterTimer_StopWatch_Automatic_reset
 .text.SystemLib_CounterTimer_StopWatch_Automatic_value
                0x0000000008007bec        0x8 ./src-gen/src/SystemLib_CounterTimer_StopWatch_Automatic.o
                0x0000000008007bec                SystemLib_CounterTimer_StopWatch_Automatic_value
 .text.SystemLib_CounterTimer_Timer_Automatic_begin
                0x0000000008007bf4        0x8 ./src-gen/src/SystemLib_CounterTimer_Timer_Automatic.o
                0x0000000008007bf4                SystemLib_CounterTimer_Timer_Automatic_begin
 .text.SystemLib_CounterTimer_Timer_Automatic_compute
                0x0000000008007bfc       0x2c ./src-gen/src/SystemLib_CounterTimer_Timer_Automatic.o
                0x0000000008007bfc                SystemLib_CounterTimer_Timer_Automatic_compute
 .text.SystemLib_CounterTimer_Timer_Automatic_getTime
                0x0000000008007c28        0x8 ./src-gen/src/SystemLib_CounterTimer_Timer_Automatic.o
                0x0000000008007c28                SystemLib_CounterTimer_Timer_Automatic_getTime
 .text.SystemLib_CounterTimer_Timer_Automatic_isElapsed
                0x0000000008007c30       0x16 ./src-gen/src/SystemLib_CounterTimer_Timer_Automatic.o
                0x0000000008007c30                SystemLib_CounterTimer_Timer_Automatic_isElapsed
 .text.SystemLib_Miscellaneous_EdgeRising_Impl_compute
                0x0000000008007c46       0x1c ./src-gen/src/SystemLib_Miscellaneous_EdgeRising_Impl.o
                0x0000000008007c46                SystemLib_Miscellaneous_EdgeRising_Impl_compute
 .text.SystemLib_Miscellaneous_EdgeRising_Impl_value
                0x0000000008007c62        0x6 ./src-gen/src/SystemLib_Miscellaneous_EdgeRising_Impl.o
                0x0000000008007c62                SystemLib_Miscellaneous_EdgeRising_Impl_value
 .text.Task_5ms
                0x0000000008007c68       0x24 ./src-gen/src/Task_5ms.o
                0x0000000008007c68                Task_5ms
 .text.model_GameController_Automatic_gameState
                0x0000000008007c8c        0x6 ./src-gen/src/model_GameController_Automatic.o
                0x0000000008007c8c                model_GameController_Automatic_gameState
 .text.model_GameController_Automatic_getTime
                0x0000000008007c92       0x24 ./src-gen/src/model_GameController_Automatic.o
                0x0000000008007c92                model_GameController_Automatic_getTime
 .text.model_GameController_Automatic_isCanceled
                0x0000000008007cb6       0x44 ./src-gen/src/model_GameController_Automatic.o
                0x0000000008007cb6                model_GameController_Automatic_isCanceled
 .text.model_GameController_Automatic_isInScoringZone
                0x0000000008007cfa       0x3a ./src-gen/src/model_GameController_Automatic.o
                0x0000000008007cfa                model_GameController_Automatic_isInScoringZone
 .text.model_GameController_Automatic_isStartGameButtonPushed
                0x0000000008007d34       0x18 ./src-gen/src/model_GameController_Automatic.o
                0x0000000008007d34                model_GameController_Automatic_isStartGameButtonPushed
 .text.model_GameController_Automatic_periodicTrigger
                0x0000000008007d4c       0xc8 ./src-gen/src/model_GameController_Automatic.o
                0x0000000008007d4c                model_GameController_Automatic_periodicTrigger
 .text.model_LedController_stm32f334r8_fadeViolet
                0x0000000008007e14      0x100 ./src-gen/src/model_LedController_stm32f334r8.o
                0x0000000008007e14                model_LedController_stm32f334r8_fadeViolet
 .text.model_LedController_stm32f334r8_indicateGameTime
                0x0000000008007f14      0x178 ./src-gen/src/model_LedController_stm32f334r8.o
                0x0000000008007f14                model_LedController_stm32f334r8_indicateGameTime
 .text.model_LedController_stm32f334r8_isGameRunning
                0x000000000800808c        0xc ./src-gen/src/model_LedController_stm32f334r8.o
                0x000000000800808c                model_LedController_stm32f334r8_isGameRunning
 .text.model_LedController_stm32f334r8_periodicTrigger
                0x0000000008008098       0x2e ./src-gen/src/model_LedController_stm32f334r8.o
                0x0000000008008098                model_LedController_stm32f334r8_periodicTrigger
 *fill*         0x00000000080080c6        0x2 
 .text.model_MainClass_stm32f334r8_step
                0x00000000080080c8       0xb8 ./src-gen/src/model_MainClass_stm32f334r8.o
                0x00000000080080c8                model_MainClass_stm32f334r8_step
 .text.model_ServoController_Automatic_autoMode
                0x0000000008008180       0xf0 ./src-gen/src/model_ServoController_Automatic.o
                0x0000000008008180                model_ServoController_Automatic_autoMode
 .text.model_ServoController_Automatic_isGameRunning
                0x0000000008008270        0xc ./src-gen/src/model_ServoController_Automatic.o
                0x0000000008008270                model_ServoController_Automatic_isGameRunning
 .text.model_ServoController_Automatic_switchModeButtonPushed
                0x000000000800827c       0x18 ./src-gen/src/model_ServoController_Automatic.o
                0x000000000800827c                model_ServoController_Automatic_switchModeButtonPushed
 .text.model_ServoController_Automatic_periodicTrigger
                0x0000000008008294       0x6e ./src-gen/src/model_ServoController_Automatic.o
                0x0000000008008294                model_ServoController_Automatic_periodicTrigger
 *fill*         0x0000000008008302        0x2 
 .text.std      0x0000000008008304       0x6c C:/ST/STM32CubeIDE_1.13.2/STM32CubeIDE/plugins/com.st.stm32cube.ide.mcu.externaltools.gnu-tools-for-stm32.11.3.rel1.win32_1.1.1.202309131626/tools/bin/../lib/gcc/arm-none-eabi/11.3.1/../../../../arm-none-eabi/lib/thumb/v7e-m+fp/hard\libc_nano.a(libc_a-findfp.o)
 .text.stdio_exit_handler
                0x0000000008008370       0x18 C:/ST/STM32CubeIDE_1.13.2/STM32CubeIDE/plugins/com.st.stm32cube.ide.mcu.externaltools.gnu-tools-for-stm32.11.3.rel1.win32_1.1.1.202309131626/tools/bin/../lib/gcc/arm-none-eabi/11.3.1/../../../../arm-none-eabi/lib/thumb/v7e-m+fp/hard\libc_nano.a(libc_a-findfp.o)
 .text.cleanup_stdio
                0x0000000008008388       0x40 C:/ST/STM32CubeIDE_1.13.2/STM32CubeIDE/plugins/com.st.stm32cube.ide.mcu.externaltools.gnu-tools-for-stm32.11.3.rel1.win32_1.1.1.202309131626/tools/bin/../lib/gcc/arm-none-eabi/11.3.1/../../../../arm-none-eabi/lib/thumb/v7e-m+fp/hard\libc_nano.a(libc_a-findfp.o)
 .text.global_stdio_init.part.0
                0x00000000080083c8       0x3c C:/ST/STM32CubeIDE_1.13.2/STM32CubeIDE/plugins/com.st.stm32cube.ide.mcu.externaltools.gnu-tools-for-stm32.11.3.rel1.win32_1.1.1.202309131626/tools/bin/../lib/gcc/arm-none-eabi/11.3.1/../../../../arm-none-eabi/lib/thumb/v7e-m+fp/hard\libc_nano.a(libc_a-findfp.o)
 .text.__sfp_lock_acquire
                0x0000000008008404        0xc C:/ST/STM32CubeIDE_1.13.2/STM32CubeIDE/plugins/com.st.stm32cube.ide.mcu.externaltools.gnu-tools-for-stm32.11.3.rel1.win32_1.1.1.202309131626/tools/bin/../lib/gcc/arm-none-eabi/11.3.1/../../../../arm-none-eabi/lib/thumb/v7e-m+fp/hard\libc_nano.a(libc_a-findfp.o)
                0x0000000008008404                __sfp_lock_acquire
 .text.__sfp_lock_release
                0x0000000008008410        0xc C:/ST/STM32CubeIDE_1.13.2/STM32CubeIDE/plugins/com.st.stm32cube.ide.mcu.externaltools.gnu-tools-for-stm32.11.3.rel1.win32_1.1.1.202309131626/tools/bin/../lib/gcc/arm-none-eabi/11.3.1/../../../../arm-none-eabi/lib/thumb/v7e-m+fp/hard\libc_nano.a(libc_a-findfp.o)
                0x0000000008008410                __sfp_lock_release
 .text.__sinit  0x000000000800841c       0x30 C:/ST/STM32CubeIDE_1.13.2/STM32CubeIDE/plugins/com.st.stm32cube.ide.mcu.externaltools.gnu-tools-for-stm32.11.3.rel1.win32_1.1.1.202309131626/tools/bin/../lib/gcc/arm-none-eabi/11.3.1/../../../../arm-none-eabi/lib/thumb/v7e-m+fp/hard\libc_nano.a(libc_a-findfp.o)
                0x000000000800841c                __sinit
 .text._fwalk_sglue
                0x000000000800844c       0x3c C:/ST/STM32CubeIDE_1.13.2/STM32CubeIDE/plugins/com.st.stm32cube.ide.mcu.externaltools.gnu-tools-for-stm32.11.3.rel1.win32_1.1.1.202309131626/tools/bin/../lib/gcc/arm-none-eabi/11.3.1/../../../../arm-none-eabi/lib/thumb/v7e-m+fp/hard\libc_nano.a(libc_a-fwalk.o)
                0x000000000800844c                _fwalk_sglue
 .text._puts_r  0x0000000008008488       0xa8 C:/ST/STM32CubeIDE_1.13.2/STM32CubeIDE/plugins/com.st.stm32cube.ide.mcu.externaltools.gnu-tools-for-stm32.11.3.rel1.win32_1.1.1.202309131626/tools/bin/../lib/gcc/arm-none-eabi/11.3.1/../../../../arm-none-eabi/lib/thumb/v7e-m+fp/hard\libc_nano.a(libc_a-puts.o)
                0x0000000008008488                _puts_r
 .text.puts     0x0000000008008530       0x10 C:/ST/STM32CubeIDE_1.13.2/STM32CubeIDE/plugins/com.st.stm32cube.ide.mcu.externaltools.gnu-tools-for-stm32.11.3.rel1.win32_1.1.1.202309131626/tools/bin/../lib/gcc/arm-none-eabi/11.3.1/../../../../arm-none-eabi/lib/thumb/v7e-m+fp/hard\libc_nano.a(libc_a-puts.o)
                0x0000000008008530                puts
 .text.__sread  0x0000000008008540       0x22 C:/ST/STM32CubeIDE_1.13.2/STM32CubeIDE/plugins/com.st.stm32cube.ide.mcu.externaltools.gnu-tools-for-stm32.11.3.rel1.win32_1.1.1.202309131626/tools/bin/../lib/gcc/arm-none-eabi/11.3.1/../../../../arm-none-eabi/lib/thumb/v7e-m+fp/hard\libc_nano.a(libc_a-stdio.o)
                0x0000000008008540                __sread
 .text.__swrite
                0x0000000008008562       0x38 C:/ST/STM32CubeIDE_1.13.2/STM32CubeIDE/plugins/com.st.stm32cube.ide.mcu.externaltools.gnu-tools-for-stm32.11.3.rel1.win32_1.1.1.202309131626/tools/bin/../lib/gcc/arm-none-eabi/11.3.1/../../../../arm-none-eabi/lib/thumb/v7e-m+fp/hard\libc_nano.a(libc_a-stdio.o)
                0x0000000008008562                __swrite
 .text.__sseek  0x000000000800859a       0x24 C:/ST/STM32CubeIDE_1.13.2/STM32CubeIDE/plugins/com.st.stm32cube.ide.mcu.externaltools.gnu-tools-for-stm32.11.3.rel1.win32_1.1.1.202309131626/tools/bin/../lib/gcc/arm-none-eabi/11.3.1/../../../../arm-none-eabi/lib/thumb/v7e-m+fp/hard\libc_nano.a(libc_a-stdio.o)
                0x000000000800859a                __sseek
 .text.__sclose
                0x00000000080085be        0x8 C:/ST/STM32CubeIDE_1.13.2/STM32CubeIDE/plugins/com.st.stm32cube.ide.mcu.externaltools.gnu-tools-for-stm32.11.3.rel1.win32_1.1.1.202309131626/tools/bin/../lib/gcc/arm-none-eabi/11.3.1/../../../../arm-none-eabi/lib/thumb/v7e-m+fp/hard\libc_nano.a(libc_a-stdio.o)
                0x00000000080085be                __sclose
 .text.__swbuf_r
                0x00000000080085c6       0x7a C:/ST/STM32CubeIDE_1.13.2/STM32CubeIDE/plugins/com.st.stm32cube.ide.mcu.externaltools.gnu-tools-for-stm32.11.3.rel1.win32_1.1.1.202309131626/tools/bin/../lib/gcc/arm-none-eabi/11.3.1/../../../../arm-none-eabi/lib/thumb/v7e-m+fp/hard\libc_nano.a(libc_a-wbuf.o)
                0x00000000080085c6                __swbuf_r
 .text.__swsetup_r
                0x0000000008008640       0xb0 C:/ST/STM32CubeIDE_1.13.2/STM32CubeIDE/plugins/com.st.stm32cube.ide.mcu.externaltools.gnu-tools-for-stm32.11.3.rel1.win32_1.1.1.202309131626/tools/bin/../lib/gcc/arm-none-eabi/11.3.1/../../../../arm-none-eabi/lib/thumb/v7e-m+fp/hard\libc_nano.a(libc_a-wsetup.o)
                0x0000000008008640                __swsetup_r
 .text.memset   0x00000000080086f0       0x10 C:/ST/STM32CubeIDE_1.13.2/STM32CubeIDE/plugins/com.st.stm32cube.ide.mcu.externaltools.gnu-tools-for-stm32.11.3.rel1.win32_1.1.1.202309131626/tools/bin/../lib/gcc/arm-none-eabi/11.3.1/../../../../arm-none-eabi/lib/thumb/v7e-m+fp/hard\libc_nano.a(libc_a-memset.o)
                0x00000000080086f0                memset
 .text._close_r
                0x0000000008008700       0x20 C:/ST/STM32CubeIDE_1.13.2/STM32CubeIDE/plugins/com.st.stm32cube.ide.mcu.externaltools.gnu-tools-for-stm32.11.3.rel1.win32_1.1.1.202309131626/tools/bin/../lib/gcc/arm-none-eabi/11.3.1/../../../../arm-none-eabi/lib/thumb/v7e-m+fp/hard\libc_nano.a(libc_a-closer.o)
                0x0000000008008700                _close_r
 .text._lseek_r
                0x0000000008008720       0x24 C:/ST/STM32CubeIDE_1.13.2/STM32CubeIDE/plugins/com.st.stm32cube.ide.mcu.externaltools.gnu-tools-for-stm32.11.3.rel1.win32_1.1.1.202309131626/tools/bin/../lib/gcc/arm-none-eabi/11.3.1/../../../../arm-none-eabi/lib/thumb/v7e-m+fp/hard\libc_nano.a(libc_a-lseekr.o)
                0x0000000008008720                _lseek_r
 .text._read_r  0x0000000008008744       0x24 C:/ST/STM32CubeIDE_1.13.2/STM32CubeIDE/plugins/com.st.stm32cube.ide.mcu.externaltools.gnu-tools-for-stm32.11.3.rel1.win32_1.1.1.202309131626/tools/bin/../lib/gcc/arm-none-eabi/11.3.1/../../../../arm-none-eabi/lib/thumb/v7e-m+fp/hard\libc_nano.a(libc_a-readr.o)
                0x0000000008008744                _read_r
 .text._write_r
                0x0000000008008768       0x24 C:/ST/STM32CubeIDE_1.13.2/STM32CubeIDE/plugins/com.st.stm32cube.ide.mcu.externaltools.gnu-tools-for-stm32.11.3.rel1.win32_1.1.1.202309131626/tools/bin/../lib/gcc/arm-none-eabi/11.3.1/../../../../arm-none-eabi/lib/thumb/v7e-m+fp/hard\libc_nano.a(libc_a-writer.o)
                0x0000000008008768                _write_r
 .text.__errno  0x000000000800878c        0xc C:/ST/STM32CubeIDE_1.13.2/STM32CubeIDE/plugins/com.st.stm32cube.ide.mcu.externaltools.gnu-tools-for-stm32.11.3.rel1.win32_1.1.1.202309131626/tools/bin/../lib/gcc/arm-none-eabi/11.3.1/../../../../arm-none-eabi/lib/thumb/v7e-m+fp/hard\libc_nano.a(libc_a-errno.o)
                0x000000000800878c                __errno
 .text.__libc_init_array
                0x0000000008008798       0x48 C:/ST/STM32CubeIDE_1.13.2/STM32CubeIDE/plugins/com.st.stm32cube.ide.mcu.externaltools.gnu-tools-for-stm32.11.3.rel1.win32_1.1.1.202309131626/tools/bin/../lib/gcc/arm-none-eabi/11.3.1/../../../../arm-none-eabi/lib/thumb/v7e-m+fp/hard\libc_nano.a(libc_a-init.o)
                0x0000000008008798                __libc_init_array
 .text.__retarget_lock_init_recursive
                0x00000000080087e0        0x2 C:/ST/STM32CubeIDE_1.13.2/STM32CubeIDE/plugins/com.st.stm32cube.ide.mcu.externaltools.gnu-tools-for-stm32.11.3.rel1.win32_1.1.1.202309131626/tools/bin/../lib/gcc/arm-none-eabi/11.3.1/../../../../arm-none-eabi/lib/thumb/v7e-m+fp/hard\libc_nano.a(libc_a-lock.o)
                0x00000000080087e0                __retarget_lock_init_recursive
 .text.__retarget_lock_acquire_recursive
                0x00000000080087e2        0x2 C:/ST/STM32CubeIDE_1.13.2/STM32CubeIDE/plugins/com.st.stm32cube.ide.mcu.externaltools.gnu-tools-for-stm32.11.3.rel1.win32_1.1.1.202309131626/tools/bin/../lib/gcc/arm-none-eabi/11.3.1/../../../../arm-none-eabi/lib/thumb/v7e-m+fp/hard\libc_nano.a(libc_a-lock.o)
                0x00000000080087e2                __retarget_lock_acquire_recursive
 .text.__retarget_lock_release_recursive
                0x00000000080087e4        0x2 C:/ST/STM32CubeIDE_1.13.2/STM32CubeIDE/plugins/com.st.stm32cube.ide.mcu.externaltools.gnu-tools-for-stm32.11.3.rel1.win32_1.1.1.202309131626/tools/bin/../lib/gcc/arm-none-eabi/11.3.1/../../../../arm-none-eabi/lib/thumb/v7e-m+fp/hard\libc_nano.a(libc_a-lock.o)
                0x00000000080087e4                __retarget_lock_release_recursive
 .text.strcpy   0x00000000080087e6       0x10 C:/ST/STM32CubeIDE_1.13.2/STM32CubeIDE/plugins/com.st.stm32cube.ide.mcu.externaltools.gnu-tools-for-stm32.11.3.rel1.win32_1.1.1.202309131626/tools/bin/../lib/gcc/arm-none-eabi/11.3.1/../../../../arm-none-eabi/lib/thumb/v7e-m+fp/hard\libc_nano.a(libc_a-strcpy.o)
                0x00000000080087e6                strcpy
 .text.memcpy   0x00000000080087f6       0x1c C:/ST/STM32CubeIDE_1.13.2/STM32CubeIDE/plugins/com.st.stm32cube.ide.mcu.externaltools.gnu-tools-for-stm32.11.3.rel1.win32_1.1.1.202309131626/tools/bin/../lib/gcc/arm-none-eabi/11.3.1/../../../../arm-none-eabi/lib/thumb/v7e-m+fp/hard\libc_nano.a(libc_a-memcpy-stub.o)
                0x00000000080087f6                memcpy
 *fill*         0x0000000008008812        0x2 
 .text._free_r  0x0000000008008814       0x98 C:/ST/STM32CubeIDE_1.13.2/STM32CubeIDE/plugins/com.st.stm32cube.ide.mcu.externaltools.gnu-tools-for-stm32.11.3.rel1.win32_1.1.1.202309131626/tools/bin/../lib/gcc/arm-none-eabi/11.3.1/../../../../arm-none-eabi/lib/thumb/v7e-m+fp/hard\libc_nano.a(libc_a-freer.o)
                0x0000000008008814                _free_r
 .text.sbrk_aligned
                0x00000000080088ac       0x40 C:/ST/STM32CubeIDE_1.13.2/STM32CubeIDE/plugins/com.st.stm32cube.ide.mcu.externaltools.gnu-tools-for-stm32.11.3.rel1.win32_1.1.1.202309131626/tools/bin/../lib/gcc/arm-none-eabi/11.3.1/../../../../arm-none-eabi/lib/thumb/v7e-m+fp/hard\libc_nano.a(libc_a-mallocr.o)
 .text._malloc_r
                0x00000000080088ec      0x100 C:/ST/STM32CubeIDE_1.13.2/STM32CubeIDE/plugins/com.st.stm32cube.ide.mcu.externaltools.gnu-tools-for-stm32.11.3.rel1.win32_1.1.1.202309131626/tools/bin/../lib/gcc/arm-none-eabi/11.3.1/../../../../arm-none-eabi/lib/thumb/v7e-m+fp/hard\libc_nano.a(libc_a-mallocr.o)
                0x00000000080088ec                _malloc_r
 .text.__malloc_lock
                0x00000000080089ec        0xc C:/ST/STM32CubeIDE_1.13.2/STM32CubeIDE/plugins/com.st.stm32cube.ide.mcu.externaltools.gnu-tools-for-stm32.11.3.rel1.win32_1.1.1.202309131626/tools/bin/../lib/gcc/arm-none-eabi/11.3.1/../../../../arm-none-eabi/lib/thumb/v7e-m+fp/hard\libc_nano.a(libc_a-mlock.o)
                0x00000000080089ec                __malloc_lock
 .text.__malloc_unlock
                0x00000000080089f8        0xc C:/ST/STM32CubeIDE_1.13.2/STM32CubeIDE/plugins/com.st.stm32cube.ide.mcu.externaltools.gnu-tools-for-stm32.11.3.rel1.win32_1.1.1.202309131626/tools/bin/../lib/gcc/arm-none-eabi/11.3.1/../../../../arm-none-eabi/lib/thumb/v7e-m+fp/hard\libc_nano.a(libc_a-mlock.o)
                0x00000000080089f8                __malloc_unlock
 .text.__sflush_r
                0x0000000008008a04      0x10c C:/ST/STM32CubeIDE_1.13.2/STM32CubeIDE/plugins/com.st.stm32cube.ide.mcu.externaltools.gnu-tools-for-stm32.11.3.rel1.win32_1.1.1.202309131626/tools/bin/../lib/gcc/arm-none-eabi/11.3.1/../../../../arm-none-eabi/lib/thumb/v7e-m+fp/hard\libc_nano.a(libc_a-fflush.o)
                0x0000000008008a04                __sflush_r
 .text._fflush_r
                0x0000000008008b10       0x50 C:/ST/STM32CubeIDE_1.13.2/STM32CubeIDE/plugins/com.st.stm32cube.ide.mcu.externaltools.gnu-tools-for-stm32.11.3.rel1.win32_1.1.1.202309131626/tools/bin/../lib/gcc/arm-none-eabi/11.3.1/../../../../arm-none-eabi/lib/thumb/v7e-m+fp/hard\libc_nano.a(libc_a-fflush.o)
                0x0000000008008b10                _fflush_r
 .text.__swhatbuf_r
                0x0000000008008b60       0x4c C:/ST/STM32CubeIDE_1.13.2/STM32CubeIDE/plugins/com.st.stm32cube.ide.mcu.externaltools.gnu-tools-for-stm32.11.3.rel1.win32_1.1.1.202309131626/tools/bin/../lib/gcc/arm-none-eabi/11.3.1/../../../../arm-none-eabi/lib/thumb/v7e-m+fp/hard\libc_nano.a(libc_a-makebuf.o)
                0x0000000008008b60                __swhatbuf_r
 .text.__smakebuf_r
                0x0000000008008bac       0x78 C:/ST/STM32CubeIDE_1.13.2/STM32CubeIDE/plugins/com.st.stm32cube.ide.mcu.externaltools.gnu-tools-for-stm32.11.3.rel1.win32_1.1.1.202309131626/tools/bin/../lib/gcc/arm-none-eabi/11.3.1/../../../../arm-none-eabi/lib/thumb/v7e-m+fp/hard\libc_nano.a(libc_a-makebuf.o)
                0x0000000008008bac                __smakebuf_r
 .text._fstat_r
                0x0000000008008c24       0x24 C:/ST/STM32CubeIDE_1.13.2/STM32CubeIDE/plugins/com.st.stm32cube.ide.mcu.externaltools.gnu-tools-for-stm32.11.3.rel1.win32_1.1.1.202309131626/tools/bin/../lib/gcc/arm-none-eabi/11.3.1/../../../../arm-none-eabi/lib/thumb/v7e-m+fp/hard\libc_nano.a(libc_a-fstatr.o)
                0x0000000008008c24                _fstat_r
 .text._isatty_r
                0x0000000008008c48       0x20 C:/ST/STM32CubeIDE_1.13.2/STM32CubeIDE/plugins/com.st.stm32cube.ide.mcu.externaltools.gnu-tools-for-stm32.11.3.rel1.win32_1.1.1.202309131626/tools/bin/../lib/gcc/arm-none-eabi/11.3.1/../../../../arm-none-eabi/lib/thumb/v7e-m+fp/hard\libc_nano.a(libc_a-isattyr.o)
                0x0000000008008c48                _isatty_r
 .text._sbrk_r  0x0000000008008c68       0x20 C:/ST/STM32CubeIDE_1.13.2/STM32CubeIDE/plugins/com.st.stm32cube.ide.mcu.externaltools.gnu-tools-for-stm32.11.3.rel1.win32_1.1.1.202309131626/tools/bin/../lib/gcc/arm-none-eabi/11.3.1/../../../../arm-none-eabi/lib/thumb/v7e-m+fp/hard\libc_nano.a(libc_a-sbrkr.o)
                0x0000000008008c68                _sbrk_r
 *(.glue_7)
 .glue_7        0x0000000008008c88        0x0 linker stubs
 *(.glue_7t)
 .glue_7t       0x0000000008008c88        0x0 linker stubs
 *(.eh_frame)
 .eh_frame      0x0000000008008c88        0x0 C:/ST/STM32CubeIDE_1.13.2/STM32CubeIDE/plugins/com.st.stm32cube.ide.mcu.externaltools.gnu-tools-for-stm32.11.3.rel1.win32_1.1.1.202309131626/tools/bin/../lib/gcc/arm-none-eabi/11.3.1/thumb/v7e-m+fp/hard/crtbegin.o
 *(.init)
 .init          0x0000000008008c88        0x4 C:/ST/STM32CubeIDE_1.13.2/STM32CubeIDE/plugins/com.st.stm32cube.ide.mcu.externaltools.gnu-tools-for-stm32.11.3.rel1.win32_1.1.1.202309131626/tools/bin/../lib/gcc/arm-none-eabi/11.3.1/thumb/v7e-m+fp/hard/crti.o
                0x0000000008008c88                _init
 .init          0x0000000008008c8c        0x8 C:/ST/STM32CubeIDE_1.13.2/STM32CubeIDE/plugins/com.st.stm32cube.ide.mcu.externaltools.gnu-tools-for-stm32.11.3.rel1.win32_1.1.1.202309131626/tools/bin/../lib/gcc/arm-none-eabi/11.3.1/thumb/v7e-m+fp/hard/crtn.o
 *(.fini)
 .fini          0x0000000008008c94        0x4 C:/ST/STM32CubeIDE_1.13.2/STM32CubeIDE/plugins/com.st.stm32cube.ide.mcu.externaltools.gnu-tools-for-stm32.11.3.rel1.win32_1.1.1.202309131626/tools/bin/../lib/gcc/arm-none-eabi/11.3.1/thumb/v7e-m+fp/hard/crti.o
                0x0000000008008c94                _fini
 .fini          0x0000000008008c98        0x8 C:/ST/STM32CubeIDE_1.13.2/STM32CubeIDE/plugins/com.st.stm32cube.ide.mcu.externaltools.gnu-tools-for-stm32.11.3.rel1.win32_1.1.1.202309131626/tools/bin/../lib/gcc/arm-none-eabi/11.3.1/thumb/v7e-m+fp/hard/crtn.o
                0x0000000008008ca0                . = ALIGN (0x4)
                0x0000000008008ca0                _etext = .

.vfp11_veneer   0x0000000008008ca0        0x0
 .vfp11_veneer  0x0000000008008ca0        0x0 linker stubs

.v4_bx          0x0000000008008ca0        0x0
 .v4_bx         0x0000000008008ca0        0x0 linker stubs

.iplt           0x0000000008008ca0        0x0
 .iplt          0x0000000008008ca0        0x0 C:/ST/STM32CubeIDE_1.13.2/STM32CubeIDE/plugins/com.st.stm32cube.ide.mcu.externaltools.gnu-tools-for-stm32.11.3.rel1.win32_1.1.1.202309131626/tools/bin/../lib/gcc/arm-none-eabi/11.3.1/thumb/v7e-m+fp/hard/crtbegin.o

.rodata         0x0000000008008ca0      0x274
                0x0000000008008ca0                . = ALIGN (0x4)
 *(.rodata)
 *(.rodata*)
 .rodata.initializeBalanceTube.str1.4
                0x0000000008008ca0       0x8c ./Core/Src/BalanceTube.o
 .rodata.charmap
                0x0000000008008d2c       0x14 ./Core/Src/ht16k33.o
                0x0000000008008d2c                charmap
 .rodata.AHBPrescTable
                0x0000000008008d40       0x10 ./Core/Src/system_stm32f3xx.o
                0x0000000008008d40                AHBPrescTable
 .rodata.APBPrescTable
                0x0000000008008d50        0x8 ./Core/Src/system_stm32f3xx.o
                0x0000000008008d50                APBPrescTable
 .rodata.VL53L0X_get_device_info.str1.4
                0x0000000008008d58       0x44 ./Core/Src/vl53l0x/vl53l0x_api_strings.o
 .rodata.SetupSingleShot.str1.4
                0x0000000008008d9c      0x12f ./Core/Src/vl53l0x/vl53l0x_tof.o
 *fill*         0x0000000008008ecb        0x1 
 .rodata.aPLLMULFactorTable
                0x0000000008008ecc       0x10 ./Drivers/STM32F3xx_HAL_Driver/Src/stm32f3xx_hal_rcc.o
 .rodata.aPredivFactorTable
                0x0000000008008edc       0x10 ./Drivers/STM32F3xx_HAL_Driver/Src/stm32f3xx_hal_rcc.o
 .rodata.model_MainClass
                0x0000000008008eec       0x28 ./src-gen/src/model_MainClass_stm32f334r8.o
                0x0000000008008eec                model_MainClass
                0x0000000008008f14                . = ALIGN (0x4)

.rel.dyn        0x0000000008008f14        0x0
 .rel.iplt      0x0000000008008f14        0x0 C:/ST/STM32CubeIDE_1.13.2/STM32CubeIDE/plugins/com.st.stm32cube.ide.mcu.externaltools.gnu-tools-for-stm32.11.3.rel1.win32_1.1.1.202309131626/tools/bin/../lib/gcc/arm-none-eabi/11.3.1/thumb/v7e-m+fp/hard/crtbegin.o

.ARM.extab      0x0000000008008f14        0x0
                0x0000000008008f14                . = ALIGN (0x4)
 *(.ARM.extab* .gnu.linkonce.armextab.*)
                0x0000000008008f14                . = ALIGN (0x4)

.ARM            0x0000000008008f14        0x0
                0x0000000008008f14                . = ALIGN (0x4)
                0x0000000008008f14                __exidx_start = .
 *(.ARM.exidx*)
                0x0000000008008f14                __exidx_end = .
                0x0000000008008f14                . = ALIGN (0x4)

.preinit_array  0x0000000008008f14        0x0
                0x0000000008008f14                . = ALIGN (0x4)
                0x0000000008008f14                PROVIDE (__preinit_array_start = .)
 *(.preinit_array*)
                0x0000000008008f14                PROVIDE (__preinit_array_end = .)
                0x0000000008008f14                . = ALIGN (0x4)

.init_array     0x0000000008008f14        0x4
                0x0000000008008f14                . = ALIGN (0x4)
                0x0000000008008f14                PROVIDE (__init_array_start = .)
 *(SORT_BY_NAME(.init_array.*))
 *(.init_array*)
 .init_array    0x0000000008008f14        0x4 C:/ST/STM32CubeIDE_1.13.2/STM32CubeIDE/plugins/com.st.stm32cube.ide.mcu.externaltools.gnu-tools-for-stm32.11.3.rel1.win32_1.1.1.202309131626/tools/bin/../lib/gcc/arm-none-eabi/11.3.1/thumb/v7e-m+fp/hard/crtbegin.o
                0x0000000008008f18                PROVIDE (__init_array_end = .)
                0x0000000008008f18                . = ALIGN (0x4)

.fini_array     0x0000000008008f18        0x4
                0x0000000008008f18                . = ALIGN (0x4)
                [!provide]                        PROVIDE (__fini_array_start = .)
 *(SORT_BY_NAME(.fini_array.*))
 *(.fini_array*)
 .fini_array    0x0000000008008f18        0x4 C:/ST/STM32CubeIDE_1.13.2/STM32CubeIDE/plugins/com.st.stm32cube.ide.mcu.externaltools.gnu-tools-for-stm32.11.3.rel1.win32_1.1.1.202309131626/tools/bin/../lib/gcc/arm-none-eabi/11.3.1/thumb/v7e-m+fp/hard/crtbegin.o
                [!provide]                        PROVIDE (__fini_array_end = .)
                0x0000000008008f1c                . = ALIGN (0x4)
                0x0000000008008f1c                _sidata = LOADADDR (.data)

.data           0x0000000020000000      0x538 load address 0x0000000008008f1c
                0x0000000020000000                . = ALIGN (0x4)
                0x0000000020000000                _sdata = .
 *(.data)
 *(.data*)
 .data.Dev      0x0000000020000000      0x188 ./Core/Src/BalanceTube.o
                0x0000000020000000                Dev
 .data.time_us.1
                0x0000000020000188        0x8 ./Core/Src/BalanceTube.o
 .data._bright  0x0000000020000190        0x1 ./Core/Src/ht16k33.o
                0x0000000020000190                _bright
 .data._digits  0x0000000020000191        0x1 ./Core/Src/ht16k33.o
                0x0000000020000191                _digits
 *fill*         0x0000000020000192        0x2 
 .data.SystemCoreClock
                0x0000000020000194        0x4 ./Core/Src/system_stm32f3xx.o
                0x0000000020000194                SystemCoreClock
 .data.DefaultTuningSettings
                0x0000000020000198       0xf3 ./Core/Src/vl53l0x/vl53l0x_api.o
                0x0000000020000198                DefaultTuningSettings
 *fill*         0x000000002000028b        0x1 
 .data.InterruptThresholdSettings
                0x000000002000028c      0x1b6 ./Core/Src/vl53l0x/vl53l0x_api.o
                0x000000002000028c                InterruptThresholdSettings
 *fill*         0x0000000020000442        0x2 
 .data.refArrayQuadrants
                0x0000000020000444       0x10 ./Core/Src/vl53l0x/vl53l0x_api_calibration.o
                0x0000000020000444                refArrayQuadrants
 .data.uwTickFreq
                0x0000000020000454        0x1 ./Drivers/STM32F3xx_HAL_Driver/Src/stm32f3xx_hal.o
                0x0000000020000454                uwTickFreq
 *fill*         0x0000000020000455        0x3 
 .data.uwTickPrio
                0x0000000020000458        0x4 ./Drivers/STM32F3xx_HAL_Driver/Src/stm32f3xx_hal.o
                0x0000000020000458                uwTickPrio
 .data.model_MainClass_CAL_MEM
                0x000000002000045c       0x14 ./src-gen/src/model_MainClass_stm32f334r8.o
                0x000000002000045c                model_MainClass_CAL_MEM
 .data.model_MainClass_RAM
                0x0000000020000470       0x68 ./src-gen/src/model_MainClass_stm32f334r8.o
                0x0000000020000470                model_MainClass_RAM
 .data.model_Signals_servoPosition
                0x00000000200004d8        0x4 ./src-gen/src/model_Signals_stm32f334r8.o
                0x00000000200004d8                model_Signals_servoPosition
 .data.__sglue  0x00000000200004dc        0xc C:/ST/STM32CubeIDE_1.13.2/STM32CubeIDE/plugins/com.st.stm32cube.ide.mcu.externaltools.gnu-tools-for-stm32.11.3.rel1.win32_1.1.1.202309131626/tools/bin/../lib/gcc/arm-none-eabi/11.3.1/../../../../arm-none-eabi/lib/thumb/v7e-m+fp/hard\libc_nano.a(libc_a-findfp.o)
                0x00000000200004dc                __sglue
 .data._impure_data
                0x00000000200004e8       0x4c C:/ST/STM32CubeIDE_1.13.2/STM32CubeIDE/plugins/com.st.stm32cube.ide.mcu.externaltools.gnu-tools-for-stm32.11.3.rel1.win32_1.1.1.202309131626/tools/bin/../lib/gcc/arm-none-eabi/11.3.1/../../../../arm-none-eabi/lib/thumb/v7e-m+fp/hard\libc_nano.a(libc_a-impure.o)
                0x00000000200004e8                _impure_data
 .data._impure_ptr
                0x0000000020000534        0x4 C:/ST/STM32CubeIDE_1.13.2/STM32CubeIDE/plugins/com.st.stm32cube.ide.mcu.externaltools.gnu-tools-for-stm32.11.3.rel1.win32_1.1.1.202309131626/tools/bin/../lib/gcc/arm-none-eabi/11.3.1/../../../../arm-none-eabi/lib/thumb/v7e-m+fp/hard\libc_nano.a(libc_a-impure.o)
                0x0000000020000534                _impure_ptr
 *(.RamFunc)
 *(.RamFunc*)
                0x0000000020000538                . = ALIGN (0x4)
                0x0000000020000538                _edata = .
                0x0000000008009454                _siccmram = LOADADDR (.ccmram)

.igot.plt       0x0000000020000538        0x0 load address 0x0000000008009454
 .igot.plt      0x0000000020000538        0x0 C:/ST/STM32CubeIDE_1.13.2/STM32CubeIDE/plugins/com.st.stm32cube.ide.mcu.externaltools.gnu-tools-for-stm32.11.3.rel1.win32_1.1.1.202309131626/tools/bin/../lib/gcc/arm-none-eabi/11.3.1/thumb/v7e-m+fp/hard/crtbegin.o

.ccmram         0x0000000010000000        0x0 load address 0x0000000008009454
                0x0000000010000000                . = ALIGN (0x4)
                0x0000000010000000                _sccmram = .
 *(.ccmram)
 *(.ccmram*)
                0x0000000010000000                . = ALIGN (0x4)
                0x0000000010000000                _eccmram = .
                0x0000000010000000                . = ALIGN (0x4)

.bss            0x0000000020000538      0xa10
                0x0000000020000538                _sbss = .
                0x0000000020000538                __bss_start__ = _sbss
 *(.bss)
 .bss           0x0000000020000538       0x1c C:/ST/STM32CubeIDE_1.13.2/STM32CubeIDE/plugins/com.st.stm32cube.ide.mcu.externaltools.gnu-tools-for-stm32.11.3.rel1.win32_1.1.1.202309131626/tools/bin/../lib/gcc/arm-none-eabi/11.3.1/thumb/v7e-m+fp/hard/crtbegin.o
 *(.bss*)
 *fill*         0x0000000020000554        0x4 
 .bss.buf.2     0x0000000020000558      0x100 ./Core/Src/BalanceTube.o
 .bss.dmaBuffer
                0x0000000020000658      0x484 ./Core/Src/BalanceTube.o
                0x0000000020000658                dmaBuffer
 .bss.doStep    0x0000000020000adc        0x1 ./Core/Src/BalanceTube.o
                0x0000000020000adc                doStep
 .bss.i.3       0x0000000020000add        0x1 ./Core/Src/BalanceTube.o
 *fill*         0x0000000020000ade        0x2 
 .bss.j         0x0000000020000ae0        0x4 ./Core/Src/BalanceTube.o
                0x0000000020000ae0                j
 .bss.pBuff     0x0000000020000ae4        0x4 ./Core/Src/BalanceTube.o
                0x0000000020000ae4                pBuff
 .bss.pixel     0x0000000020000ae8       0x30 ./Core/Src/BalanceTube.o
                0x0000000020000ae8                pixel
 .bss.timer.0   0x0000000020000b18        0x4 ./Core/Src/BalanceTube.o
 .bss._displayCache
                0x0000000020000b1c        0x5 ./Core/Src/ht16k33.o
                0x0000000020000b1c                _displayCache
 *fill*         0x0000000020000b21        0x3 
 .bss.hadc1     0x0000000020000b24       0x50 ./Core/Src/main.o
                0x0000000020000b24                hadc1
 .bss.hdma_tim3_ch1_trig
                0x0000000020000b74       0x44 ./Core/Src/main.o
                0x0000000020000b74                hdma_tim3_ch1_trig
 .bss.hi2c1     0x0000000020000bb8       0x54 ./Core/Src/main.o
                0x0000000020000bb8                hi2c1
 .bss.htim2     0x0000000020000c0c       0x4c ./Core/Src/main.o
                0x0000000020000c0c                htim2
 .bss.htim3     0x0000000020000c58       0x4c ./Core/Src/main.o
                0x0000000020000c58                htim3
 .bss.htim6     0x0000000020000ca4       0x4c ./Core/Src/main.o
                0x0000000020000ca4                htim6
 .bss.huart2    0x0000000020000cf0       0x88 ./Core/Src/main.o
                0x0000000020000cf0                huart2
 .bss.__sbrk_heap_end
                0x0000000020000d78        0x4 ./Core/Src/sysmem.o
 .bss._I2CBuffer
                0x0000000020000d7c       0x40 ./Core/Src/vl53l0x/vl53l0x_tof.o
                0x0000000020000d7c                _I2CBuffer
 .bss.uwTick    0x0000000020000dbc        0x4 ./Drivers/STM32F3xx_HAL_Driver/Src/stm32f3xx_hal.o
                0x0000000020000dbc                uwTick
 .bss.ASD_DT_SCALED
                0x0000000020000dc0        0x4 ./src-gen/src/BalanceTube_STMicro_Automatic.o
                0x0000000020000dc0                ASD_DT_SCALED
 .bss.model_Signals_autoModeButton
                0x0000000020000dc4        0x1 ./src-gen/src/model_Signals_stm32f334r8.o
                0x0000000020000dc4                model_Signals_autoModeButton
 *fill*         0x0000000020000dc5        0x3 
 .bss.model_Signals_ballPosition
                0x0000000020000dc8        0x4 ./src-gen/src/model_Signals_stm32f334r8.o
                0x0000000020000dc8                model_Signals_ballPosition
 .bss.model_Signals_handPosition
                0x0000000020000dcc        0x4 ./src-gen/src/model_Signals_stm32f334r8.o
                0x0000000020000dcc                model_Signals_handPosition
 .bss.model_Signals_ledRing
                0x0000000020000dd0       0x24 ./src-gen/src/model_Signals_stm32f334r8.o
                0x0000000020000dd0                model_Signals_ledRing
 .bss.model_Signals_score
                0x0000000020000df4        0x4 ./src-gen/src/model_Signals_stm32f334r8.o
                0x0000000020000df4                model_Signals_score
 .bss.model_Signals_startGameButton
                0x0000000020000df8        0x1 ./src-gen/src/model_Signals_stm32f334r8.o
                0x0000000020000df8                model_Signals_startGameButton
 *fill*         0x0000000020000df9        0x3 
 .bss.__sf      0x0000000020000dfc      0x138 C:/ST/STM32CubeIDE_1.13.2/STM32CubeIDE/plugins/com.st.stm32cube.ide.mcu.externaltools.gnu-tools-for-stm32.11.3.rel1.win32_1.1.1.202309131626/tools/bin/../lib/gcc/arm-none-eabi/11.3.1/../../../../arm-none-eabi/lib/thumb/v7e-m+fp/hard\libc_nano.a(libc_a-findfp.o)
                0x0000000020000dfc                __sf
 .bss.__stdio_exit_handler
                0x0000000020000f34        0x4 C:/ST/STM32CubeIDE_1.13.2/STM32CubeIDE/plugins/com.st.stm32cube.ide.mcu.externaltools.gnu-tools-for-stm32.11.3.rel1.win32_1.1.1.202309131626/tools/bin/../lib/gcc/arm-none-eabi/11.3.1/../../../../arm-none-eabi/lib/thumb/v7e-m+fp/hard\libc_nano.a(libc_a-findfp.o)
                0x0000000020000f34                __stdio_exit_handler
 .bss.errno     0x0000000020000f38        0x4 C:/ST/STM32CubeIDE_1.13.2/STM32CubeIDE/plugins/com.st.stm32cube.ide.mcu.externaltools.gnu-tools-for-stm32.11.3.rel1.win32_1.1.1.202309131626/tools/bin/../lib/gcc/arm-none-eabi/11.3.1/../../../../arm-none-eabi/lib/thumb/v7e-m+fp/hard\libc_nano.a(libc_a-reent.o)
                0x0000000020000f38                errno
 .bss.__lock___malloc_recursive_mutex
                0x0000000020000f3c        0x1 C:/ST/STM32CubeIDE_1.13.2/STM32CubeIDE/plugins/com.st.stm32cube.ide.mcu.externaltools.gnu-tools-for-stm32.11.3.rel1.win32_1.1.1.202309131626/tools/bin/../lib/gcc/arm-none-eabi/11.3.1/../../../../arm-none-eabi/lib/thumb/v7e-m+fp/hard\libc_nano.a(libc_a-lock.o)
                0x0000000020000f3c                __lock___malloc_recursive_mutex
 .bss.__lock___sfp_recursive_mutex
                0x0000000020000f3d        0x1 C:/ST/STM32CubeIDE_1.13.2/STM32CubeIDE/plugins/com.st.stm32cube.ide.mcu.externaltools.gnu-tools-for-stm32.11.3.rel1.win32_1.1.1.202309131626/tools/bin/../lib/gcc/arm-none-eabi/11.3.1/../../../../arm-none-eabi/lib/thumb/v7e-m+fp/hard\libc_nano.a(libc_a-lock.o)
                0x0000000020000f3d                __lock___sfp_recursive_mutex
 *fill*         0x0000000020000f3e        0x2 
 .bss.__malloc_free_list
                0x0000000020000f40        0x4 C:/ST/STM32CubeIDE_1.13.2/STM32CubeIDE/plugins/com.st.stm32cube.ide.mcu.externaltools.gnu-tools-for-stm32.11.3.rel1.win32_1.1.1.202309131626/tools/bin/../lib/gcc/arm-none-eabi/11.3.1/../../../../arm-none-eabi/lib/thumb/v7e-m+fp/hard\libc_nano.a(libc_a-mallocr.o)
                0x0000000020000f40                __malloc_free_list
 .bss.__malloc_sbrk_start
                0x0000000020000f44        0x4 C:/ST/STM32CubeIDE_1.13.2/STM32CubeIDE/plugins/com.st.stm32cube.ide.mcu.externaltools.gnu-tools-for-stm32.11.3.rel1.win32_1.1.1.202309131626/tools/bin/../lib/gcc/arm-none-eabi/11.3.1/../../../../arm-none-eabi/lib/thumb/v7e-m+fp/hard\libc_nano.a(libc_a-mallocr.o)
                0x0000000020000f44                __malloc_sbrk_start
 *(COMMON)
                0x0000000020000f48                . = ALIGN (0x4)
                0x0000000020000f48                _ebss = .
                0x0000000020000f48                __bss_end__ = _ebss

._user_heap_stack
                0x0000000020000f48      0x600
                0x0000000020000f48                . = ALIGN (0x8)
                [!provide]                        PROVIDE (end = .)
                0x0000000020000f48                PROVIDE (_end = .)
                0x0000000020001148                . = (. + _Min_Heap_Size)
 *fill*         0x0000000020000f48      0x200 
                0x0000000020001548                . = (. + _Min_Stack_Size)
 *fill*         0x0000000020001148      0x400 
                0x0000000020001548                . = ALIGN (0x8)

/DISCARD/
 libc.a(*)
 libm.a(*)
 libgcc.a(*)

.ARM.attributes
                0x0000000000000000       0x30
 *(.ARM.attributes)
 .ARM.attributes
                0x0000000000000000       0x1e C:/ST/STM32CubeIDE_1.13.2/STM32CubeIDE/plugins/com.st.stm32cube.ide.mcu.externaltools.gnu-tools-for-stm32.11.3.rel1.win32_1.1.1.202309131626/tools/bin/../lib/gcc/arm-none-eabi/11.3.1/thumb/v7e-m+fp/hard/crti.o
 .ARM.attributes
                0x000000000000001e       0x34 C:/ST/STM32CubeIDE_1.13.2/STM32CubeIDE/plugins/com.st.stm32cube.ide.mcu.externaltools.gnu-tools-for-stm32.11.3.rel1.win32_1.1.1.202309131626/tools/bin/../lib/gcc/arm-none-eabi/11.3.1/thumb/v7e-m+fp/hard/crtbegin.o
 .ARM.attributes
                0x0000000000000052       0x34 ./Core/Src/BalanceTube.o
 .ARM.attributes
                0x0000000000000086       0x34 ./Core/Src/ht16k33.o
 .ARM.attributes
                0x00000000000000ba       0x34 ./Core/Src/main.o
 .ARM.attributes
                0x00000000000000ee       0x34 ./Core/Src/stm32f3xx_hal_msp.o
 .ARM.attributes
                0x0000000000000122       0x34 ./Core/Src/stm32f3xx_it.o
 .ARM.attributes
                0x0000000000000156       0x34 ./Core/Src/syscalls.o
 .ARM.attributes
                0x000000000000018a       0x34 ./Core/Src/sysmem.o
 .ARM.attributes
                0x00000000000001be       0x34 ./Core/Src/system_stm32f3xx.o
 .ARM.attributes
                0x00000000000001f2       0x34 ./Core/Src/vl53l0x/vl53l0x_api.o
 .ARM.attributes
                0x0000000000000226       0x34 ./Core/Src/vl53l0x/vl53l0x_api_calibration.o
 .ARM.attributes
                0x000000000000025a       0x34 ./Core/Src/vl53l0x/vl53l0x_api_core.o
 .ARM.attributes
                0x000000000000028e       0x34 ./Core/Src/vl53l0x/vl53l0x_api_strings.o
 .ARM.attributes
                0x00000000000002c2       0x34 ./Core/Src/vl53l0x/vl53l0x_tof.o
 .ARM.attributes
                0x00000000000002f6       0x21 ./Core/Startup/startup_stm32f334r8tx.o
 .ARM.attributes
                0x0000000000000317       0x34 ./Drivers/STM32F3xx_HAL_Driver/Src/stm32f3xx_hal.o
 .ARM.attributes
                0x000000000000034b       0x34 ./Drivers/STM32F3xx_HAL_Driver/Src/stm32f3xx_hal_adc_ex.o
 .ARM.attributes
                0x000000000000037f       0x34 ./Drivers/STM32F3xx_HAL_Driver/Src/stm32f3xx_hal_cortex.o
 .ARM.attributes
                0x00000000000003b3       0x34 ./Drivers/STM32F3xx_HAL_Driver/Src/stm32f3xx_hal_dma.o
 .ARM.attributes